// Jest Snapshot v1, https://goo.gl/fbAQLP

exports[`BalanceChartTooltip renders correctly for daily grouping: rendered 1`] = `
<div>
  <div
    style="padding: 16px; background: rgba(150, 150, 150, 0.97);"
  >
    <span
      style="color: rgb(255, 255, 255);"
    >
      11/1/2021
      :
       
      1,234,567,891.1234568
    </span>
  </div>
</div>
`;
