// Jest Snapshot v1, https://goo.gl/fbAQLP

exports[`render total holders with loading pre-screen: loaded 1`] = `
"Snapshot Diff:
- First value
+ Second value

@@ -8,40 +8,55 @@
        Total Holders
      </div>
      <div
        class=\\"MuiBox-root css-1n4i7xh\\"
      >
-       <span
-         class=\\"MuiSkeleton-root MuiSkeleton-text MuiSkeleton-pulse css-1n7gpw1-MuiSkeleton-root\\"
-         style=\\"width: 150px; height: 70px;\\"
-       />
+       6,341
      </div>
      <div
        class=\\"MuiBox-root css-j7qwjs\\"
      >
        <div
          class=\\"MuiBox-root css-1xhj18k\\"
        >
-         <span
-           class=\\"MuiSkeleton-root MuiSkeleton-text MuiSkeleton-pulse css-1n7gpw1-MuiSkeleton-root\\"
-           style=\\"width: 150px;\\"
-         />
+         <div
+           class=\\"MuiBox-root css-daxnmb\\"
+         >
+           0%
+         </div>
+         <div
+           class=\\"MuiBox-root css-1mvg5zt\\"
+         >
+           vs. last day
+         </div>
        </div>
        <div
          class=\\"MuiBox-root css-1xhj18k\\"
        >
-         <span
-           class=\\"MuiSkeleton-root MuiSkeleton-text MuiSkeleton-pulse css-1n7gpw1-MuiSkeleton-root\\"
-           style=\\"width: 150px;\\"
-         />
+         <div
+           class=\\"MuiBox-root css-1d6tm0y\\"
+         >
+           -0.14%
+         </div>
+         <div
+           class=\\"MuiBox-root css-1mvg5zt\\"
+         >
+           vs. last 7 days
+         </div>
        </div>
        <div
          class=\\"MuiBox-root css-1xhj18k\\"
        >
-         <span
-           class=\\"MuiSkeleton-root MuiSkeleton-text MuiSkeleton-pulse css-1n7gpw1-MuiSkeleton-root\\"
-           style=\\"width: 150px;\\"
-         />
+         <div
+           class=\\"MuiBox-root css-s7l08z\\"
+         >
+           +0.89%
+         </div>
+         <div
+           class=\\"MuiBox-root css-1mvg5zt\\"
+         >
+           vs. last 30 day
+         </div>
        </div>
      </div>
    </div>
  </DocumentFragment>"
`;

exports[`render total holders with loading pre-screen: loading 1`] = `
<DocumentFragment>
  <div
    class="MuiBox-root css-0"
  >
    <div
      class="MuiBox-root css-1jolfkj"
    >
      Total Holders
    </div>
    <div
      class="MuiBox-root css-1n4i7xh"
    >
      <span
        class="MuiSkeleton-root MuiSkeleton-text MuiSkeleton-pulse css-1n7gpw1-MuiSkeleton-root"
        style="width: 150px; height: 70px;"
      />
    </div>
    <div
      class="MuiBox-root css-j7qwjs"
    >
      <div
        class="MuiBox-root css-1xhj18k"
      >
        <span
          class="MuiSkeleton-root MuiSkeleton-text MuiSkeleton-pulse css-1n7gpw1-MuiSkeleton-root"
          style="width: 150px;"
        />
      </div>
      <div
        class="MuiBox-root css-1xhj18k"
      >
        <span
          class="MuiSkeleton-root MuiSkeleton-text MuiSkeleton-pulse css-1n7gpw1-MuiSkeleton-root"
          style="width: 150px;"
        />
      </div>
      <div
        class="MuiBox-root css-1xhj18k"
      >
        <span
          class="MuiSkeleton-root MuiSkeleton-text MuiSkeleton-pulse css-1n7gpw1-MuiSkeleton-root"
          style="width: 150px;"
        />
      </div>
    </div>
  </div>
</DocumentFragment>
`;
