// Jest Snapshot v1, https://goo.gl/fbAQLP

exports[`render and properly copy to clipboard: render while mouse over icon 1`] = `
<DocumentFragment>
  <div>
    <svg
      aria-hidden="true"
      aria-label="copy to clipboard"
      class="MuiSvgIcon-root MuiSvgIcon-fontSizeMedium css-eibj8z-MuiSvgIcon-root"
      data-mui-internal-clone-element="true"
      data-testid="ContentCopyIcon"
      focusable="false"
      viewBox="0 0 24 24"
    >
      <path
        d="M16 1H4c-1.1 0-2 .9-2 2v14h2V3h12V1zm3 4H8c-1.1 0-2 .9-2 2v14c0 1.1.9 2 2 2h11c1.1 0 2-.9 2-2V7c0-1.1-.9-2-2-2zm0 16H8V7h11v14z"
      />
    </svg>
  </div>
  <div
    class="MuiTooltip-popper MuiTooltip-popperInteractive css-yem0l2-MuiPopper-root-MuiTooltip-popper"
    data-popper-escaped=""
    data-popper-placement="bottom"
    data-popper-reference-hidden=""
    id=":r0:"
    role="tooltip"
    style="position: absolute; top: 0px; left: 0px; margin: 0px; transform: translate(0px, 0px);"
  >
    <div
      class="MuiTooltip-tooltip MuiTooltip-tooltipPlacementBottom css-ja5taz-MuiTooltip-tooltip"
      style="opacity: 1; transform: scale(1, 1); transition: opacity 200ms cubic-bezier(0.4, 0, 0.2, 1) 0ms,transform 133ms cubic-bezier(0.4, 0, 0.2, 1) 0ms;"
    >
      copy to clipboard
    </div>
  </div>
</DocumentFragment>
`;
