// Jest Snapshot v1, https://goo.gl/fbAQLP

exports[`render Transactions table with data: loaded 1`] = `
"Snapshot Diff:
- First value
+ Second value

@@ -50,408 +50,1297 @@
            class=\\"MuiTableRow-root css-1q1u3t4-MuiTableRow-root\\"
          >
            <td
              class=\\"MuiTableCell-root MuiTableCell-body MuiTableCell-sizeSmall css-dsuxgy-MuiTableCell-root\\"
            >
-             <span
-               class=\\"MuiSkeleton-root MuiSkeleton-text MuiSkeleton-pulse css-1n7gpw1-MuiSkeleton-root\\"
-             />
+             8/17/2022, 9:56:23 PM
            </td>
            <td
              class=\\"MuiTableCell-root MuiTableCell-body MuiTableCell-sizeSmall css-dsuxgy-MuiTableCell-root\\"
+           >
+             <div
+               class=\\"MuiBox-root css-1gvmo7\\"
              >
-             <span
-               class=\\"MuiSkeleton-root MuiSkeleton-text MuiSkeleton-pulse css-1n7gpw1-MuiSkeleton-root\\"
+               <p
+                 class=\\"MuiTypography-root MuiTypography-body2 css-18mpm0x-MuiTypography-root\\"
+                 title=\\"0x4d4b045d30e88606fe2efd49901569f2b57ac9cc40e2227a3fb4f5d71e7c7bd9\\"
+               >
+                 0x4d4b045d30e88606fe2efd49901569f2b57ac9cc40e2227a3fb4f5d71e7c7bd9
+               </p>
+               <svg
+                 aria-hidden=\\"true\\"
+                 aria-label=\\"copy to clipboard\\"
+                 class=\\"MuiSvgIcon-root MuiSvgIcon-fontSizeMedium css-eibj8z-MuiSvgIcon-root\\"
+                 data-mui-internal-clone-element=\\"true\\"
+                 data-testid=\\"ContentCopyIcon\\"
+                 focusable=\\"false\\"
+                 viewBox=\\"0 0 24 24\\"
+               >
+                 <path
+                   d=\\"M16 1H4c-1.1 0-2 .9-2 2v14h2V3h12V1zm3 4H8c-1.1 0-2 .9-2 2v14c0 1.1.9 2 2 2h11c1.1 0 2-.9 2-2V7c0-1.1-.9-2-2-2zm0 16H8V7h11v14z\\"
+                 />
+               </svg>
+               <div
+                 class=\\"MuiBox-root css-7gd3gi\\"
+               />
+               <a
+                 class=\\"MuiTypography-root MuiTypography-inherit MuiLink-root MuiLink-underlineAlways css-1dkk3ib-MuiTypography-root-MuiLink-root\\"
+                 href=\\"https://polygonscan.com/tx/0x4d4b045d30e88606fe2efd49901569f2b57ac9cc40e2227a3fb4f5d71e7c7bd9\\"
+                 rel=\\"noopener noreferrer\\"
+                 target=\\"_blank\\"
+                 title=\\"https://polygonscan.com/tx/0x4d4b045d30e88606fe2efd49901569f2b57ac9cc40e2227a3fb4f5d71e7c7bd9\\"
+               >
+                 <svg
+                   aria-hidden=\\"true\\"
+                   class=\\"MuiSvgIcon-root MuiSvgIcon-fontSizeMedium css-eibj8z-MuiSvgIcon-root\\"
+                   data-testid=\\"OpenInNewIcon\\"
+                   focusable=\\"false\\"
+                   viewBox=\\"0 0 24 24\\"
+                 >
+                   <path
+                     d=\\"M19 19H5V5h7V3H5c-1.11 0-2 .9-2 2v14c0 1.1.89 2 2 2h14c1.1 0 2-.9 2-2v-7h-2v7zM14 3v2h3.59l-9.83 9.83 1.41 1.41L19 6.41V10h2V3h-7z\\"
                    />
+                 </svg>
+               </a>
+             </div>
            </td>
            <td
              class=\\"MuiTableCell-root MuiTableCell-body MuiTableCell-sizeSmall css-dsuxgy-MuiTableCell-root\\"
+           >
+             <div
+               class=\\"MuiBox-root css-1gvmo7\\"
              >
-             <span
-               class=\\"MuiSkeleton-root MuiSkeleton-text MuiSkeleton-pulse css-1n7gpw1-MuiSkeleton-root\\"
+               <a
+                 class=\\"MuiTypography-root MuiTypography-inherit MuiLink-root MuiLink-underlineAlways css-1nrvlnd-MuiTypography-root-MuiLink-root\\"
+                 href=\\"/wallet/0x09514c763a81789f1fa1b788fea9f2f143f1ab5b\\"
+                 title=\\"0x09514c763a81789f1fa1b788fea9f2f143f1ab5b\\"
+               >
+                 <p
+                   class=\\"MuiTypography-root MuiTypography-body2 css-18mpm0x-MuiTypography-root\\"
+                   title=\\"0x09514c763a81789f1fa1b788fea9f2f143f1ab5b\\"
+                 >
+                   0x09514c763a81789f1fa1b788fea9f2f143f1ab5b
+                 </p>
+               </a>
+               <svg
+                 aria-hidden=\\"true\\"
+                 aria-label=\\"copy to clipboard\\"
+                 class=\\"MuiSvgIcon-root MuiSvgIcon-fontSizeMedium css-eibj8z-MuiSvgIcon-root\\"
+                 data-mui-internal-clone-element=\\"true\\"
+                 data-testid=\\"ContentCopyIcon\\"
+                 focusable=\\"false\\"
+                 viewBox=\\"0 0 24 24\\"
+               >
+                 <path
+                   d=\\"M16 1H4c-1.1 0-2 .9-2 2v14h2V3h12V1zm3 4H8c-1.1 0-2 .9-2 2v14c0 1.1.9 2 2 2h11c1.1 0 2-.9 2-2V7c0-1.1-.9-2-2-2zm0 16H8V7h11v14z\\"
                  />
+               </svg>
+             </div>
            </td>
            <td
              class=\\"MuiTableCell-root MuiTableCell-body MuiTableCell-sizeSmall css-dsuxgy-MuiTableCell-root\\"
            >
-             <span
-               class=\\"MuiSkeleton-root MuiSkeleton-text MuiSkeleton-pulse css-1n7gpw1-MuiSkeleton-root\\"
+             <div
+               class=\\"MuiBox-root css-1gvmo7\\"
+             >
+               <a
+                 class=\\"MuiTypography-root MuiTypography-inherit MuiLink-root MuiLink-underlineAlways css-1nrvlnd-MuiTypography-root-MuiLink-root\\"
+                 href=\\"/wallet/0x320a50f32fb9e20fe113573031132c89835e496c\\"
+                 title=\\"0x320a50f32fb9e20fe113573031132c89835e496c\\"
+               >
+                 <p
+                   class=\\"MuiTypography-root MuiTypography-body2 css-18mpm0x-MuiTypography-root\\"
+                   title=\\"0x320a50f32fb9e20fe113573031132c89835e496c\\"
+                 >
+                   Uniswap pair
+                 </p>
+               </a>
+               <svg
+                 aria-hidden=\\"true\\"
+                 aria-label=\\"copy to clipboard\\"
+                 class=\\"MuiSvgIcon-root MuiSvgIcon-fontSizeMedium css-eibj8z-MuiSvgIcon-root\\"
+                 data-mui-internal-clone-element=\\"true\\"
+                 data-testid=\\"ContentCopyIcon\\"
+                 focusable=\\"false\\"
+                 viewBox=\\"0 0 24 24\\"
+               >
+                 <path
+                   d=\\"M16 1H4c-1.1 0-2 .9-2 2v14h2V3h12V1zm3 4H8c-1.1 0-2 .9-2 2v14c0 1.1.9 2 2 2h11c1.1 0 2-.9 2-2V7c0-1.1-.9-2-2-2zm0 16H8V7h11v14z\\"
                  />
+               </svg>
+             </div>
            </td>
            <td
              class=\\"MuiTableCell-root MuiTableCell-body MuiTableCell-sizeSmall css-dsuxgy-MuiTableCell-root\\"
            >
-             <span
-               class=\\"MuiSkeleton-root MuiSkeleton-text MuiSkeleton-pulse css-1n7gpw1-MuiSkeleton-root\\"
-             />
+             152.66055024
            </td>
          </tr>
          <tr
            class=\\"MuiTableRow-root css-1q1u3t4-MuiTableRow-root\\"
          >
            <td
              class=\\"MuiTableCell-root MuiTableCell-body MuiTableCell-sizeSmall css-dsuxgy-MuiTableCell-root\\"
            >
-             <span
-               class=\\"MuiSkeleton-root MuiSkeleton-text MuiSkeleton-pulse css-1n7gpw1-MuiSkeleton-root\\"
-             />
+             8/17/2022, 9:55:27 PM
            </td>
            <td
              class=\\"MuiTableCell-root MuiTableCell-body MuiTableCell-sizeSmall css-dsuxgy-MuiTableCell-root\\"
+           >
+             <div
+               class=\\"MuiBox-root css-1gvmo7\\"
+             >
+               <p
+                 class=\\"MuiTypography-root MuiTypography-body2 css-18mpm0x-MuiTypography-root\\"
+                 title=\\"0xf79ba29565cde526c02e74b53b2e9fc603a102aa2b2e09c583eadf0664e465cf\\"
                >
-             <span
-               class=\\"MuiSkeleton-root MuiSkeleton-text MuiSkeleton-pulse css-1n7gpw1-MuiSkeleton-root\\"
+                 0xf79ba29565cde526c02e74b53b2e9fc603a102aa2b2e09c583eadf0664e465cf
+               </p>
+               <svg
+                 aria-hidden=\\"true\\"
+                 aria-label=\\"copy to clipboard\\"
+                 class=\\"MuiSvgIcon-root MuiSvgIcon-fontSizeMedium css-eibj8z-MuiSvgIcon-root\\"
+                 data-mui-internal-clone-element=\\"true\\"
+                 data-testid=\\"ContentCopyIcon\\"
+                 focusable=\\"false\\"
+                 viewBox=\\"0 0 24 24\\"
+               >
+                 <path
+                   d=\\"M16 1H4c-1.1 0-2 .9-2 2v14h2V3h12V1zm3 4H8c-1.1 0-2 .9-2 2v14c0 1.1.9 2 2 2h11c1.1 0 2-.9 2-2V7c0-1.1-.9-2-2-2zm0 16H8V7h11v14z\\"
+                 />
+               </svg>
+               <div
+                 class=\\"MuiBox-root css-7gd3gi\\"
+               />
+               <a
+                 class=\\"MuiTypography-root MuiTypography-inherit MuiLink-root MuiLink-underlineAlways css-1dkk3ib-MuiTypography-root-MuiLink-root\\"
+                 href=\\"https://polygonscan.com/tx/0xf79ba29565cde526c02e74b53b2e9fc603a102aa2b2e09c583eadf0664e465cf\\"
+                 rel=\\"noopener noreferrer\\"
+                 target=\\"_blank\\"
+                 title=\\"https://polygonscan.com/tx/0xf79ba29565cde526c02e74b53b2e9fc603a102aa2b2e09c583eadf0664e465cf\\"
+               >
+                 <svg
+                   aria-hidden=\\"true\\"
+                   class=\\"MuiSvgIcon-root MuiSvgIcon-fontSizeMedium css-eibj8z-MuiSvgIcon-root\\"
+                   data-testid=\\"OpenInNewIcon\\"
+                   focusable=\\"false\\"
+                   viewBox=\\"0 0 24 24\\"
+                 >
+                   <path
+                     d=\\"M19 19H5V5h7V3H5c-1.11 0-2 .9-2 2v14c0 1.1.89 2 2 2h14c1.1 0 2-.9 2-2v-7h-2v7zM14 3v2h3.59l-9.83 9.83 1.41 1.41L19 6.41V10h2V3h-7z\\"
                    />
+                 </svg>
+               </a>
+             </div>
            </td>
            <td
              class=\\"MuiTableCell-root MuiTableCell-body MuiTableCell-sizeSmall css-dsuxgy-MuiTableCell-root\\"
+           >
+             <div
+               class=\\"MuiBox-root css-1gvmo7\\"
              >
-             <span
-               class=\\"MuiSkeleton-root MuiSkeleton-text MuiSkeleton-pulse css-1n7gpw1-MuiSkeleton-root\\"
+               <a
+                 class=\\"MuiTypography-root MuiTypography-inherit MuiLink-root MuiLink-underlineAlways css-1nrvlnd-MuiTypography-root-MuiLink-root\\"
+                 href=\\"/wallet/0xa43a1fa8435483c49c79b37d729c47821eac6cda\\"
+                 title=\\"0xa43a1fa8435483c49c79b37d729c47821eac6cda\\"
+               >
+                 <p
+                   class=\\"MuiTypography-root MuiTypography-body2 css-18mpm0x-MuiTypography-root\\"
+                   title=\\"0xa43a1fa8435483c49c79b37d729c47821eac6cda\\"
+                 >
+                   TrustSwap vesting
+                 </p>
+               </a>
+               <svg
+                 aria-hidden=\\"true\\"
+                 aria-label=\\"copy to clipboard\\"
+                 class=\\"MuiSvgIcon-root MuiSvgIcon-fontSizeMedium css-eibj8z-MuiSvgIcon-root\\"
+                 data-mui-internal-clone-element=\\"true\\"
+                 data-testid=\\"ContentCopyIcon\\"
+                 focusable=\\"false\\"
+                 viewBox=\\"0 0 24 24\\"
+               >
+                 <path
+                   d=\\"M16 1H4c-1.1 0-2 .9-2 2v14h2V3h12V1zm3 4H8c-1.1 0-2 .9-2 2v14c0 1.1.9 2 2 2h11c1.1 0 2-.9 2-2V7c0-1.1-.9-2-2-2zm0 16H8V7h11v14z\\"
                  />
+               </svg>
+             </div>
            </td>
            <td
              class=\\"MuiTableCell-root MuiTableCell-body MuiTableCell-sizeSmall css-dsuxgy-MuiTableCell-root\\"
+           >
+             <div
+               class=\\"MuiBox-root css-1gvmo7\\"
              >
-             <span
-               class=\\"MuiSkeleton-root MuiSkeleton-text MuiSkeleton-pulse css-1n7gpw1-MuiSkeleton-root\\"
+               <a
+                 class=\\"MuiTypography-root MuiTypography-inherit MuiLink-root MuiLink-underlineAlways css-1nrvlnd-MuiTypography-root-MuiLink-root\\"
+                 href=\\"/wallet/0x09514c763a81789f1fa1b788fea9f2f143f1ab5b\\"
+                 title=\\"0x09514c763a81789f1fa1b788fea9f2f143f1ab5b\\"
+               >
+                 <p
+                   class=\\"MuiTypography-root MuiTypography-body2 css-18mpm0x-MuiTypography-root\\"
+                   title=\\"0x09514c763a81789f1fa1b788fea9f2f143f1ab5b\\"
+                 >
+                   0x09514c763a81789f1fa1b788fea9f2f143f1ab5b
+                 </p>
+               </a>
+               <svg
+                 aria-hidden=\\"true\\"
+                 aria-label=\\"copy to clipboard\\"
+                 class=\\"MuiSvgIcon-root MuiSvgIcon-fontSizeMedium css-eibj8z-MuiSvgIcon-root\\"
+                 data-mui-internal-clone-element=\\"true\\"
+                 data-testid=\\"ContentCopyIcon\\"
+                 focusable=\\"false\\"
+                 viewBox=\\"0 0 24 24\\"
+               >
+                 <path
+                   d=\\"M16 1H4c-1.1 0-2 .9-2 2v14h2V3h12V1zm3 4H8c-1.1 0-2 .9-2 2v14c0 1.1.9 2 2 2h11c1.1 0 2-.9 2-2V7c0-1.1-.9-2-2-2zm0 16H8V7h11v14z\\"
                  />
+               </svg>
+             </div>
            </td>
            <td
              class=\\"MuiTableCell-root MuiTableCell-body MuiTableCell-sizeSmall css-dsuxgy-MuiTableCell-root\\"
            >
-             <span
-               class=\\"MuiSkeleton-root MuiSkeleton-text MuiSkeleton-pulse css-1n7gpw1-MuiSkeleton-root\\"
-             />
+             152.66055024
            </td>
          </tr>
          <tr
            class=\\"MuiTableRow-root css-1q1u3t4-MuiTableRow-root\\"
          >
            <td
              class=\\"MuiTableCell-root MuiTableCell-body MuiTableCell-sizeSmall css-dsuxgy-MuiTableCell-root\\"
            >
-             <span
-               class=\\"MuiSkeleton-root MuiSkeleton-text MuiSkeleton-pulse css-1n7gpw1-MuiSkeleton-root\\"
-             />
+             8/17/2022, 9:52:25 PM
            </td>
            <td
              class=\\"MuiTableCell-root MuiTableCell-body MuiTableCell-sizeSmall css-dsuxgy-MuiTableCell-root\\"
            >
-             <span
-               class=\\"MuiSkeleton-root MuiSkeleton-text MuiSkeleton-pulse css-1n7gpw1-MuiSkeleton-root\\"
+             <div
+               class=\\"MuiBox-root css-1gvmo7\\"
+             >
+               <p
+                 class=\\"MuiTypography-root MuiTypography-body2 css-18mpm0x-MuiTypography-root\\"
+                 title=\\"0xd004b7ac6fcbe963299e55dbe8e49d07aaf01aebe8e90fe9f9a2dbf8aa0d9040\\"
+               >
+                 0xd004b7ac6fcbe963299e55dbe8e49d07aaf01aebe8e90fe9f9a2dbf8aa0d9040
+               </p>
+               <svg
+                 aria-hidden=\\"true\\"
+                 aria-label=\\"copy to clipboard\\"
+                 class=\\"MuiSvgIcon-root MuiSvgIcon-fontSizeMedium css-eibj8z-MuiSvgIcon-root\\"
+                 data-mui-internal-clone-element=\\"true\\"
+                 data-testid=\\"ContentCopyIcon\\"
+                 focusable=\\"false\\"
+                 viewBox=\\"0 0 24 24\\"
+               >
+                 <path
+                   d=\\"M16 1H4c-1.1 0-2 .9-2 2v14h2V3h12V1zm3 4H8c-1.1 0-2 .9-2 2v14c0 1.1.9 2 2 2h11c1.1 0 2-.9 2-2V7c0-1.1-.9-2-2-2zm0 16H8V7h11v14z\\"
+                 />
+               </svg>
+               <div
+                 class=\\"MuiBox-root css-7gd3gi\\"
+               />
+               <a
+                 class=\\"MuiTypography-root MuiTypography-inherit MuiLink-root MuiLink-underlineAlways css-1dkk3ib-MuiTypography-root-MuiLink-root\\"
+                 href=\\"https://polygonscan.com/tx/0xd004b7ac6fcbe963299e55dbe8e49d07aaf01aebe8e90fe9f9a2dbf8aa0d9040\\"
+                 rel=\\"noopener noreferrer\\"
+                 target=\\"_blank\\"
+                 title=\\"https://polygonscan.com/tx/0xd004b7ac6fcbe963299e55dbe8e49d07aaf01aebe8e90fe9f9a2dbf8aa0d9040\\"
+               >
+                 <svg
+                   aria-hidden=\\"true\\"
+                   class=\\"MuiSvgIcon-root MuiSvgIcon-fontSizeMedium css-eibj8z-MuiSvgIcon-root\\"
+                   data-testid=\\"OpenInNewIcon\\"
+                   focusable=\\"false\\"
+                   viewBox=\\"0 0 24 24\\"
+                 >
+                   <path
+                     d=\\"M19 19H5V5h7V3H5c-1.11 0-2 .9-2 2v14c0 1.1.89 2 2 2h14c1.1 0 2-.9 2-2v-7h-2v7zM14 3v2h3.59l-9.83 9.83 1.41 1.41L19 6.41V10h2V3h-7z\\"
                    />
+                 </svg>
+               </a>
+             </div>
            </td>
            <td
              class=\\"MuiTableCell-root MuiTableCell-body MuiTableCell-sizeSmall css-dsuxgy-MuiTableCell-root\\"
            >
-             <span
-               class=\\"MuiSkeleton-root MuiSkeleton-text MuiSkeleton-pulse css-1n7gpw1-MuiSkeleton-root\\"
+             <div
+               class=\\"MuiBox-root css-1gvmo7\\"
+             >
+               <a
+                 class=\\"MuiTypography-root MuiTypography-inherit MuiLink-root MuiLink-underlineAlways css-1nrvlnd-MuiTypography-root-MuiLink-root\\"
+                 href=\\"/wallet/0x41e705394b5d4bf83f654aa48165b268d31703ed\\"
+                 title=\\"0x41e705394b5d4bf83f654aa48165b268d31703ed\\"
+               >
+                 <p
+                   class=\\"MuiTypography-root MuiTypography-body2 css-18mpm0x-MuiTypography-root\\"
+                   title=\\"0x41e705394b5d4bf83f654aa48165b268d31703ed\\"
+                 >
+                   0x41e705394b5d4bf83f654aa48165b268d31703ed
+                 </p>
+               </a>
+               <svg
+                 aria-hidden=\\"true\\"
+                 aria-label=\\"copy to clipboard\\"
+                 class=\\"MuiSvgIcon-root MuiSvgIcon-fontSizeMedium css-eibj8z-MuiSvgIcon-root\\"
+                 data-mui-internal-clone-element=\\"true\\"
+                 data-testid=\\"ContentCopyIcon\\"
+                 focusable=\\"false\\"
+                 viewBox=\\"0 0 24 24\\"
+               >
+                 <path
+                   d=\\"M16 1H4c-1.1 0-2 .9-2 2v14h2V3h12V1zm3 4H8c-1.1 0-2 .9-2 2v14c0 1.1.9 2 2 2h11c1.1 0 2-.9 2-2V7c0-1.1-.9-2-2-2zm0 16H8V7h11v14z\\"
                  />
+               </svg>
+             </div>
            </td>
            <td
              class=\\"MuiTableCell-root MuiTableCell-body MuiTableCell-sizeSmall css-dsuxgy-MuiTableCell-root\\"
+           >
+             <div
+               class=\\"MuiBox-root css-1gvmo7\\"
              >
-             <span
-               class=\\"MuiSkeleton-root MuiSkeleton-text MuiSkeleton-pulse css-1n7gpw1-MuiSkeleton-root\\"
+               <a
+                 class=\\"MuiTypography-root MuiTypography-inherit MuiLink-root MuiLink-underlineAlways css-1nrvlnd-MuiTypography-root-MuiLink-root\\"
+                 href=\\"/wallet/0x320a50f32fb9e20fe113573031132c89835e496c\\"
+                 title=\\"0x320a50f32fb9e20fe113573031132c89835e496c\\"
+               >
+                 <p
+                   class=\\"MuiTypography-root MuiTypography-body2 css-18mpm0x-MuiTypography-root\\"
+                   title=\\"0x320a50f32fb9e20fe113573031132c89835e496c\\"
+                 >
+                   Uniswap pair
+                 </p>
+               </a>
+               <svg
+                 aria-hidden=\\"true\\"
+                 aria-label=\\"copy to clipboard\\"
+                 class=\\"MuiSvgIcon-root MuiSvgIcon-fontSizeMedium css-eibj8z-MuiSvgIcon-root\\"
+                 data-mui-internal-clone-element=\\"true\\"
+                 data-testid=\\"ContentCopyIcon\\"
+                 focusable=\\"false\\"
+                 viewBox=\\"0 0 24 24\\"
+               >
+                 <path
+                   d=\\"M16 1H4c-1.1 0-2 .9-2 2v14h2V3h12V1zm3 4H8c-1.1 0-2 .9-2 2v14c0 1.1.9 2 2 2h11c1.1 0 2-.9 2-2V7c0-1.1-.9-2-2-2zm0 16H8V7h11v14z\\"
                  />
+               </svg>
+             </div>
            </td>
            <td
              class=\\"MuiTableCell-root MuiTableCell-body MuiTableCell-sizeSmall css-dsuxgy-MuiTableCell-root\\"
            >
-             <span
-               class=\\"MuiSkeleton-root MuiSkeleton-text MuiSkeleton-pulse css-1n7gpw1-MuiSkeleton-root\\"
-             />
+             152.66055024
            </td>
          </tr>
          <tr
            class=\\"MuiTableRow-root css-1q1u3t4-MuiTableRow-root\\"
          >
            <td
              class=\\"MuiTableCell-root MuiTableCell-body MuiTableCell-sizeSmall css-dsuxgy-MuiTableCell-root\\"
            >
-             <span
-               class=\\"MuiSkeleton-root MuiSkeleton-text MuiSkeleton-pulse css-1n7gpw1-MuiSkeleton-root\\"
-             />
+             8/17/2022, 9:51:25 PM
            </td>
            <td
              class=\\"MuiTableCell-root MuiTableCell-body MuiTableCell-sizeSmall css-dsuxgy-MuiTableCell-root\\"
+           >
+             <div
+               class=\\"MuiBox-root css-1gvmo7\\"
              >
-             <span
-               class=\\"MuiSkeleton-root MuiSkeleton-text MuiSkeleton-pulse css-1n7gpw1-MuiSkeleton-root\\"
+               <p
+                 class=\\"MuiTypography-root MuiTypography-body2 css-18mpm0x-MuiTypography-root\\"
+                 title=\\"0xc76b765c0a0da177b1cae8bd2cd364332f1cd03057b89ce4fb4cc73b2fb0dd68\\"
+               >
+                 0xc76b765c0a0da177b1cae8bd2cd364332f1cd03057b89ce4fb4cc73b2fb0dd68
+               </p>
+               <svg
+                 aria-hidden=\\"true\\"
+                 aria-label=\\"copy to clipboard\\"
+                 class=\\"MuiSvgIcon-root MuiSvgIcon-fontSizeMedium css-eibj8z-MuiSvgIcon-root\\"
+                 data-mui-internal-clone-element=\\"true\\"
+                 data-testid=\\"ContentCopyIcon\\"
+                 focusable=\\"false\\"
+                 viewBox=\\"0 0 24 24\\"
+               >
+                 <path
+                   d=\\"M16 1H4c-1.1 0-2 .9-2 2v14h2V3h12V1zm3 4H8c-1.1 0-2 .9-2 2v14c0 1.1.9 2 2 2h11c1.1 0 2-.9 2-2V7c0-1.1-.9-2-2-2zm0 16H8V7h11v14z\\"
+                 />
+               </svg>
+               <div
+                 class=\\"MuiBox-root css-7gd3gi\\"
+               />
+               <a
+                 class=\\"MuiTypography-root MuiTypography-inherit MuiLink-root MuiLink-underlineAlways css-1dkk3ib-MuiTypography-root-MuiLink-root\\"
+                 href=\\"https://polygonscan.com/tx/0xc76b765c0a0da177b1cae8bd2cd364332f1cd03057b89ce4fb4cc73b2fb0dd68\\"
+                 rel=\\"noopener noreferrer\\"
+                 target=\\"_blank\\"
+                 title=\\"https://polygonscan.com/tx/0xc76b765c0a0da177b1cae8bd2cd364332f1cd03057b89ce4fb4cc73b2fb0dd68\\"
+               >
+                 <svg
+                   aria-hidden=\\"true\\"
+                   class=\\"MuiSvgIcon-root MuiSvgIcon-fontSizeMedium css-eibj8z-MuiSvgIcon-root\\"
+                   data-testid=\\"OpenInNewIcon\\"
+                   focusable=\\"false\\"
+                   viewBox=\\"0 0 24 24\\"
+                 >
+                   <path
+                     d=\\"M19 19H5V5h7V3H5c-1.11 0-2 .9-2 2v14c0 1.1.89 2 2 2h14c1.1 0 2-.9 2-2v-7h-2v7zM14 3v2h3.59l-9.83 9.83 1.41 1.41L19 6.41V10h2V3h-7z\\"
                    />
+                 </svg>
+               </a>
+             </div>
            </td>
            <td
              class=\\"MuiTableCell-root MuiTableCell-body MuiTableCell-sizeSmall css-dsuxgy-MuiTableCell-root\\"
+           >
+             <div
+               class=\\"MuiBox-root css-1gvmo7\\"
              >
-             <span
-               class=\\"MuiSkeleton-root MuiSkeleton-text MuiSkeleton-pulse css-1n7gpw1-MuiSkeleton-root\\"
+               <a
+                 class=\\"MuiTypography-root MuiTypography-inherit MuiLink-root MuiLink-underlineAlways css-1nrvlnd-MuiTypography-root-MuiLink-root\\"
+                 href=\\"/wallet/0xa43a1fa8435483c49c79b37d729c47821eac6cda\\"
+                 title=\\"0xa43a1fa8435483c49c79b37d729c47821eac6cda\\"
+               >
+                 <p
+                   class=\\"MuiTypography-root MuiTypography-body2 css-18mpm0x-MuiTypography-root\\"
+                   title=\\"0xa43a1fa8435483c49c79b37d729c47821eac6cda\\"
+                 >
+                   TrustSwap vesting
+                 </p>
+               </a>
+               <svg
+                 aria-hidden=\\"true\\"
+                 aria-label=\\"copy to clipboard\\"
+                 class=\\"MuiSvgIcon-root MuiSvgIcon-fontSizeMedium css-eibj8z-MuiSvgIcon-root\\"
+                 data-mui-internal-clone-element=\\"true\\"
+                 data-testid=\\"ContentCopyIcon\\"
+                 focusable=\\"false\\"
+                 viewBox=\\"0 0 24 24\\"
+               >
+                 <path
+                   d=\\"M16 1H4c-1.1 0-2 .9-2 2v14h2V3h12V1zm3 4H8c-1.1 0-2 .9-2 2v14c0 1.1.9 2 2 2h11c1.1 0 2-.9 2-2V7c0-1.1-.9-2-2-2zm0 16H8V7h11v14z\\"
                  />
+               </svg>
+             </div>
            </td>
            <td
              class=\\"MuiTableCell-root MuiTableCell-body MuiTableCell-sizeSmall css-dsuxgy-MuiTableCell-root\\"
            >
-             <span
-               class=\\"MuiSkeleton-root MuiSkeleton-text MuiSkeleton-pulse css-1n7gpw1-MuiSkeleton-root\\"
+             <div
+               class=\\"MuiBox-root css-1gvmo7\\"
+             >
+               <a
+                 class=\\"MuiTypography-root MuiTypography-inherit MuiLink-root MuiLink-underlineAlways css-1nrvlnd-MuiTypography-root-MuiLink-root\\"
+                 href=\\"/wallet/0x41e705394b5d4bf83f654aa48165b268d31703ed\\"
+                 title=\\"0x41e705394b5d4bf83f654aa48165b268d31703ed\\"
+               >
+                 <p
+                   class=\\"MuiTypography-root MuiTypography-body2 css-18mpm0x-MuiTypography-root\\"
+                   title=\\"0x41e705394b5d4bf83f654aa48165b268d31703ed\\"
+                 >
+                   0x41e705394b5d4bf83f654aa48165b268d31703ed
+                 </p>
+               </a>
+               <svg
+                 aria-hidden=\\"true\\"
+                 aria-label=\\"copy to clipboard\\"
+                 class=\\"MuiSvgIcon-root MuiSvgIcon-fontSizeMedium css-eibj8z-MuiSvgIcon-root\\"
+                 data-mui-internal-clone-element=\\"true\\"
+                 data-testid=\\"ContentCopyIcon\\"
+                 focusable=\\"false\\"
+                 viewBox=\\"0 0 24 24\\"
+               >
+                 <path
+                   d=\\"M16 1H4c-1.1 0-2 .9-2 2v14h2V3h12V1zm3 4H8c-1.1 0-2 .9-2 2v14c0 1.1.9 2 2 2h11c1.1 0 2-.9 2-2V7c0-1.1-.9-2-2-2zm0 16H8V7h11v14z\\"
                  />
+               </svg>
+             </div>
            </td>
            <td
              class=\\"MuiTableCell-root MuiTableCell-body MuiTableCell-sizeSmall css-dsuxgy-MuiTableCell-root\\"
            >
-             <span
-               class=\\"MuiSkeleton-root MuiSkeleton-text MuiSkeleton-pulse css-1n7gpw1-MuiSkeleton-root\\"
-             />
+             152.66055024
            </td>
          </tr>
          <tr
            class=\\"MuiTableRow-root css-1q1u3t4-MuiTableRow-root\\"
          >
            <td
              class=\\"MuiTableCell-root MuiTableCell-body MuiTableCell-sizeSmall css-dsuxgy-MuiTableCell-root\\"
            >
-             <span
-               class=\\"MuiSkeleton-root MuiSkeleton-text MuiSkeleton-pulse css-1n7gpw1-MuiSkeleton-root\\"
-             />
+             8/17/2022, 9:48:13 PM
            </td>
            <td
              class=\\"MuiTableCell-root MuiTableCell-body MuiTableCell-sizeSmall css-dsuxgy-MuiTableCell-root\\"
+           >
+             <div
+               class=\\"MuiBox-root css-1gvmo7\\"
+             >
+               <p
+                 class=\\"MuiTypography-root MuiTypography-body2 css-18mpm0x-MuiTypography-root\\"
+                 title=\\"0xc04fbc1c67065a03822aaa0de70d988ffaf05a3f290faa213a546714302a2876\\"
                >
-             <span
-               class=\\"MuiSkeleton-root MuiSkeleton-text MuiSkeleton-pulse css-1n7gpw1-MuiSkeleton-root\\"
+                 0xc04fbc1c67065a03822aaa0de70d988ffaf05a3f290faa213a546714302a2876
+               </p>
+               <svg
+                 aria-hidden=\\"true\\"
+                 aria-label=\\"copy to clipboard\\"
+                 class=\\"MuiSvgIcon-root MuiSvgIcon-fontSizeMedium css-eibj8z-MuiSvgIcon-root\\"
+                 data-mui-internal-clone-element=\\"true\\"
+                 data-testid=\\"ContentCopyIcon\\"
+                 focusable=\\"false\\"
+                 viewBox=\\"0 0 24 24\\"
+               >
+                 <path
+                   d=\\"M16 1H4c-1.1 0-2 .9-2 2v14h2V3h12V1zm3 4H8c-1.1 0-2 .9-2 2v14c0 1.1.9 2 2 2h11c1.1 0 2-.9 2-2V7c0-1.1-.9-2-2-2zm0 16H8V7h11v14z\\"
+                 />
+               </svg>
+               <div
+                 class=\\"MuiBox-root css-7gd3gi\\"
+               />
+               <a
+                 class=\\"MuiTypography-root MuiTypography-inherit MuiLink-root MuiLink-underlineAlways css-1dkk3ib-MuiTypography-root-MuiLink-root\\"
+                 href=\\"https://polygonscan.com/tx/0xc04fbc1c67065a03822aaa0de70d988ffaf05a3f290faa213a546714302a2876\\"
+                 rel=\\"noopener noreferrer\\"
+                 target=\\"_blank\\"
+                 title=\\"https://polygonscan.com/tx/0xc04fbc1c67065a03822aaa0de70d988ffaf05a3f290faa213a546714302a2876\\"
+               >
+                 <svg
+                   aria-hidden=\\"true\\"
+                   class=\\"MuiSvgIcon-root MuiSvgIcon-fontSizeMedium css-eibj8z-MuiSvgIcon-root\\"
+                   data-testid=\\"OpenInNewIcon\\"
+                   focusable=\\"false\\"
+                   viewBox=\\"0 0 24 24\\"
+                 >
+                   <path
+                     d=\\"M19 19H5V5h7V3H5c-1.11 0-2 .9-2 2v14c0 1.1.89 2 2 2h14c1.1 0 2-.9 2-2v-7h-2v7zM14 3v2h3.59l-9.83 9.83 1.41 1.41L19 6.41V10h2V3h-7z\\"
                    />
+                 </svg>
+               </a>
+             </div>
            </td>
            <td
              class=\\"MuiTableCell-root MuiTableCell-body MuiTableCell-sizeSmall css-dsuxgy-MuiTableCell-root\\"
+           >
+             <div
+               class=\\"MuiBox-root css-1gvmo7\\"
              >
-             <span
-               class=\\"MuiSkeleton-root MuiSkeleton-text MuiSkeleton-pulse css-1n7gpw1-MuiSkeleton-root\\"
+               <a
+                 class=\\"MuiTypography-root MuiTypography-inherit MuiLink-root MuiLink-underlineAlways css-1nrvlnd-MuiTypography-root-MuiLink-root\\"
+                 href=\\"/wallet/0x12ce2bf7932dc444fb734c1d52e62869970e25bd\\"
+                 title=\\"0x12ce2bf7932dc444fb734c1d52e62869970e25bd\\"
+               >
+                 <p
+                   class=\\"MuiTypography-root MuiTypography-body2 css-18mpm0x-MuiTypography-root\\"
+                   title=\\"0x12ce2bf7932dc444fb734c1d52e62869970e25bd\\"
+                 >
+                   0x12ce2bf7932dc444fb734c1d52e62869970e25bd
+                 </p>
+               </a>
+               <svg
+                 aria-hidden=\\"true\\"
+                 aria-label=\\"copy to clipboard\\"
+                 class=\\"MuiSvgIcon-root MuiSvgIcon-fontSizeMedium css-eibj8z-MuiSvgIcon-root\\"
+                 data-mui-internal-clone-element=\\"true\\"
+                 data-testid=\\"ContentCopyIcon\\"
+                 focusable=\\"false\\"
+                 viewBox=\\"0 0 24 24\\"
+               >
+                 <path
+                   d=\\"M16 1H4c-1.1 0-2 .9-2 2v14h2V3h12V1zm3 4H8c-1.1 0-2 .9-2 2v14c0 1.1.9 2 2 2h11c1.1 0 2-.9 2-2V7c0-1.1-.9-2-2-2zm0 16H8V7h11v14z\\"
                  />
+               </svg>
+             </div>
            </td>
            <td
              class=\\"MuiTableCell-root MuiTableCell-body MuiTableCell-sizeSmall css-dsuxgy-MuiTableCell-root\\"
+           >
+             <div
+               class=\\"MuiBox-root css-1gvmo7\\"
              >
-             <span
-               class=\\"MuiSkeleton-root MuiSkeleton-text MuiSkeleton-pulse css-1n7gpw1-MuiSkeleton-root\\"
+               <a
+                 class=\\"MuiTypography-root MuiTypography-inherit MuiLink-root MuiLink-underlineAlways css-1nrvlnd-MuiTypography-root-MuiLink-root\\"
+                 href=\\"/wallet/0x320a50f32fb9e20fe113573031132c89835e496c\\"
+                 title=\\"0x320a50f32fb9e20fe113573031132c89835e496c\\"
+               >
+                 <p
+                   class=\\"MuiTypography-root MuiTypography-body2 css-18mpm0x-MuiTypography-root\\"
+                   title=\\"0x320a50f32fb9e20fe113573031132c89835e496c\\"
+                 >
+                   Uniswap pair
+                 </p>
+               </a>
+               <svg
+                 aria-hidden=\\"true\\"
+                 aria-label=\\"copy to clipboard\\"
+                 class=\\"MuiSvgIcon-root MuiSvgIcon-fontSizeMedium css-eibj8z-MuiSvgIcon-root\\"
+                 data-mui-internal-clone-element=\\"true\\"
+                 data-testid=\\"ContentCopyIcon\\"
+                 focusable=\\"false\\"
+                 viewBox=\\"0 0 24 24\\"
+               >
+                 <path
+                   d=\\"M16 1H4c-1.1 0-2 .9-2 2v14h2V3h12V1zm3 4H8c-1.1 0-2 .9-2 2v14c0 1.1.9 2 2 2h11c1.1 0 2-.9 2-2V7c0-1.1-.9-2-2-2zm0 16H8V7h11v14z\\"
                  />
+               </svg>
+             </div>
            </td>
            <td
              class=\\"MuiTableCell-root MuiTableCell-body MuiTableCell-sizeSmall css-dsuxgy-MuiTableCell-root\\"
            >
-             <span
-               class=\\"MuiSkeleton-root MuiSkeleton-text MuiSkeleton-pulse css-1n7gpw1-MuiSkeleton-root\\"
-             />
+             152.66055024
            </td>
          </tr>
          <tr
            class=\\"MuiTableRow-root css-1q1u3t4-MuiTableRow-root\\"
          >
            <td
              class=\\"MuiTableCell-root MuiTableCell-body MuiTableCell-sizeSmall css-dsuxgy-MuiTableCell-root\\"
            >
-             <span
-               class=\\"MuiSkeleton-root MuiSkeleton-text MuiSkeleton-pulse css-1n7gpw1-MuiSkeleton-root\\"
-             />
+             8/17/2022, 9:47:21 PM
            </td>
            <td
              class=\\"MuiTableCell-root MuiTableCell-body MuiTableCell-sizeSmall css-dsuxgy-MuiTableCell-root\\"
            >
-             <span
-               class=\\"MuiSkeleton-root MuiSkeleton-text MuiSkeleton-pulse css-1n7gpw1-MuiSkeleton-root\\"
+             <div
+               class=\\"MuiBox-root css-1gvmo7\\"
+             >
+               <p
+                 class=\\"MuiTypography-root MuiTypography-body2 css-18mpm0x-MuiTypography-root\\"
+                 title=\\"0xa7954fc0b2b766478bf4fa6a19125cedb301b2fb5ef7db37647cd861560b251e\\"
+               >
+                 0xa7954fc0b2b766478bf4fa6a19125cedb301b2fb5ef7db37647cd861560b251e
+               </p>
+               <svg
+                 aria-hidden=\\"true\\"
+                 aria-label=\\"copy to clipboard\\"
+                 class=\\"MuiSvgIcon-root MuiSvgIcon-fontSizeMedium css-eibj8z-MuiSvgIcon-root\\"
+                 data-mui-internal-clone-element=\\"true\\"
+                 data-testid=\\"ContentCopyIcon\\"
+                 focusable=\\"false\\"
+                 viewBox=\\"0 0 24 24\\"
+               >
+                 <path
+                   d=\\"M16 1H4c-1.1 0-2 .9-2 2v14h2V3h12V1zm3 4H8c-1.1 0-2 .9-2 2v14c0 1.1.9 2 2 2h11c1.1 0 2-.9 2-2V7c0-1.1-.9-2-2-2zm0 16H8V7h11v14z\\"
+                 />
+               </svg>
+               <div
+                 class=\\"MuiBox-root css-7gd3gi\\"
+               />
+               <a
+                 class=\\"MuiTypography-root MuiTypography-inherit MuiLink-root MuiLink-underlineAlways css-1dkk3ib-MuiTypography-root-MuiLink-root\\"
+                 href=\\"https://polygonscan.com/tx/0xa7954fc0b2b766478bf4fa6a19125cedb301b2fb5ef7db37647cd861560b251e\\"
+                 rel=\\"noopener noreferrer\\"
+                 target=\\"_blank\\"
+                 title=\\"https://polygonscan.com/tx/0xa7954fc0b2b766478bf4fa6a19125cedb301b2fb5ef7db37647cd861560b251e\\"
+               >
+                 <svg
+                   aria-hidden=\\"true\\"
+                   class=\\"MuiSvgIcon-root MuiSvgIcon-fontSizeMedium css-eibj8z-MuiSvgIcon-root\\"
+                   data-testid=\\"OpenInNewIcon\\"
+                   focusable=\\"false\\"
+                   viewBox=\\"0 0 24 24\\"
+                 >
+                   <path
+                     d=\\"M19 19H5V5h7V3H5c-1.11 0-2 .9-2 2v14c0 1.1.89 2 2 2h14c1.1 0 2-.9 2-2v-7h-2v7zM14 3v2h3.59l-9.83 9.83 1.41 1.41L19 6.41V10h2V3h-7z\\"
                    />
+                 </svg>
+               </a>
+             </div>
            </td>
            <td
              class=\\"MuiTableCell-root MuiTableCell-body MuiTableCell-sizeSmall css-dsuxgy-MuiTableCell-root\\"
            >
-             <span
-               class=\\"MuiSkeleton-root MuiSkeleton-text MuiSkeleton-pulse css-1n7gpw1-MuiSkeleton-root\\"
+             <div
+               class=\\"MuiBox-root css-1gvmo7\\"
+             >
+               <a
+                 class=\\"MuiTypography-root MuiTypography-inherit MuiLink-root MuiLink-underlineAlways css-1nrvlnd-MuiTypography-root-MuiLink-root\\"
+                 href=\\"/wallet/0xa43a1fa8435483c49c79b37d729c47821eac6cda\\"
+                 title=\\"0xa43a1fa8435483c49c79b37d729c47821eac6cda\\"
+               >
+                 <p
+                   class=\\"MuiTypography-root MuiTypography-body2 css-18mpm0x-MuiTypography-root\\"
+                   title=\\"0xa43a1fa8435483c49c79b37d729c47821eac6cda\\"
+                 >
+                   TrustSwap vesting
+                 </p>
+               </a>
+               <svg
+                 aria-hidden=\\"true\\"
+                 aria-label=\\"copy to clipboard\\"
+                 class=\\"MuiSvgIcon-root MuiSvgIcon-fontSizeMedium css-eibj8z-MuiSvgIcon-root\\"
+                 data-mui-internal-clone-element=\\"true\\"
+                 data-testid=\\"ContentCopyIcon\\"
+                 focusable=\\"false\\"
+                 viewBox=\\"0 0 24 24\\"
+               >
+                 <path
+                   d=\\"M16 1H4c-1.1 0-2 .9-2 2v14h2V3h12V1zm3 4H8c-1.1 0-2 .9-2 2v14c0 1.1.9 2 2 2h11c1.1 0 2-.9 2-2V7c0-1.1-.9-2-2-2zm0 16H8V7h11v14z\\"
                  />
+               </svg>
+             </div>
            </td>
            <td
              class=\\"MuiTableCell-root MuiTableCell-body MuiTableCell-sizeSmall css-dsuxgy-MuiTableCell-root\\"
+           >
+             <div
+               class=\\"MuiBox-root css-1gvmo7\\"
              >
-             <span
-               class=\\"MuiSkeleton-root MuiSkeleton-text MuiSkeleton-pulse css-1n7gpw1-MuiSkeleton-root\\"
+               <a
+                 class=\\"MuiTypography-root MuiTypography-inherit MuiLink-root MuiLink-underlineAlways css-1nrvlnd-MuiTypography-root-MuiLink-root\\"
+                 href=\\"/wallet/0x12ce2bf7932dc444fb734c1d52e62869970e25bd\\"
+                 title=\\"0x12ce2bf7932dc444fb734c1d52e62869970e25bd\\"
+               >
+                 <p
+                   class=\\"MuiTypography-root MuiTypography-body2 css-18mpm0x-MuiTypography-root\\"
+                   title=\\"0x12ce2bf7932dc444fb734c1d52e62869970e25bd\\"
+                 >
+                   0x12ce2bf7932dc444fb734c1d52e62869970e25bd
+                 </p>
+               </a>
+               <svg
+                 aria-hidden=\\"true\\"
+                 aria-label=\\"copy to clipboard\\"
+                 class=\\"MuiSvgIcon-root MuiSvgIcon-fontSizeMedium css-eibj8z-MuiSvgIcon-root\\"
+                 data-mui-internal-clone-element=\\"true\\"
+                 data-testid=\\"ContentCopyIcon\\"
+                 focusable=\\"false\\"
+                 viewBox=\\"0 0 24 24\\"
+               >
+                 <path
+                   d=\\"M16 1H4c-1.1 0-2 .9-2 2v14h2V3h12V1zm3 4H8c-1.1 0-2 .9-2 2v14c0 1.1.9 2 2 2h11c1.1 0 2-.9 2-2V7c0-1.1-.9-2-2-2zm0 16H8V7h11v14z\\"
                  />
+               </svg>
+             </div>
            </td>
            <td
              class=\\"MuiTableCell-root MuiTableCell-body MuiTableCell-sizeSmall css-dsuxgy-MuiTableCell-root\\"
            >
-             <span
-               class=\\"MuiSkeleton-root MuiSkeleton-text MuiSkeleton-pulse css-1n7gpw1-MuiSkeleton-root\\"
-             />
+             152.66055024
            </td>
          </tr>
          <tr
            class=\\"MuiTableRow-root css-1q1u3t4-MuiTableRow-root\\"
          >
            <td
              class=\\"MuiTableCell-root MuiTableCell-body MuiTableCell-sizeSmall css-dsuxgy-MuiTableCell-root\\"
            >
-             <span
-               class=\\"MuiSkeleton-root MuiSkeleton-text MuiSkeleton-pulse css-1n7gpw1-MuiSkeleton-root\\"
-             />
+             8/17/2022, 9:42:23 PM
            </td>
            <td
              class=\\"MuiTableCell-root MuiTableCell-body MuiTableCell-sizeSmall css-dsuxgy-MuiTableCell-root\\"
+           >
+             <div
+               class=\\"MuiBox-root css-1gvmo7\\"
              >
-             <span
-               class=\\"MuiSkeleton-root MuiSkeleton-text MuiSkeleton-pulse css-1n7gpw1-MuiSkeleton-root\\"
+               <p
+                 class=\\"MuiTypography-root MuiTypography-body2 css-18mpm0x-MuiTypography-root\\"
+                 title=\\"0x23fed46d4983f614dd3eb3bf8fcafce5036749e83def02d978078d515413e400\\"
+               >
+                 0x23fed46d4983f614dd3eb3bf8fcafce5036749e83def02d978078d515413e400
+               </p>
+               <svg
+                 aria-hidden=\\"true\\"
+                 aria-label=\\"copy to clipboard\\"
+                 class=\\"MuiSvgIcon-root MuiSvgIcon-fontSizeMedium css-eibj8z-MuiSvgIcon-root\\"
+                 data-mui-internal-clone-element=\\"true\\"
+                 data-testid=\\"ContentCopyIcon\\"
+                 focusable=\\"false\\"
+                 viewBox=\\"0 0 24 24\\"
+               >
+                 <path
+                   d=\\"M16 1H4c-1.1 0-2 .9-2 2v14h2V3h12V1zm3 4H8c-1.1 0-2 .9-2 2v14c0 1.1.9 2 2 2h11c1.1 0 2-.9 2-2V7c0-1.1-.9-2-2-2zm0 16H8V7h11v14z\\"
+                 />
+               </svg>
+               <div
+                 class=\\"MuiBox-root css-7gd3gi\\"
+               />
+               <a
+                 class=\\"MuiTypography-root MuiTypography-inherit MuiLink-root MuiLink-underlineAlways css-1dkk3ib-MuiTypography-root-MuiLink-root\\"
+                 href=\\"https://polygonscan.com/tx/0x23fed46d4983f614dd3eb3bf8fcafce5036749e83def02d978078d515413e400\\"
+                 rel=\\"noopener noreferrer\\"
+                 target=\\"_blank\\"
+                 title=\\"https://polygonscan.com/tx/0x23fed46d4983f614dd3eb3bf8fcafce5036749e83def02d978078d515413e400\\"
+               >
+                 <svg
+                   aria-hidden=\\"true\\"
+                   class=\\"MuiSvgIcon-root MuiSvgIcon-fontSizeMedium css-eibj8z-MuiSvgIcon-root\\"
+                   data-testid=\\"OpenInNewIcon\\"
+                   focusable=\\"false\\"
+                   viewBox=\\"0 0 24 24\\"
+                 >
+                   <path
+                     d=\\"M19 19H5V5h7V3H5c-1.11 0-2 .9-2 2v14c0 1.1.89 2 2 2h14c1.1 0 2-.9 2-2v-7h-2v7zM14 3v2h3.59l-9.83 9.83 1.41 1.41L19 6.41V10h2V3h-7z\\"
                    />
+                 </svg>
+               </a>
+             </div>
            </td>
            <td
              class=\\"MuiTableCell-root MuiTableCell-body MuiTableCell-sizeSmall css-dsuxgy-MuiTableCell-root\\"
+           >
+             <div
+               class=\\"MuiBox-root css-1gvmo7\\"
              >
-             <span
-               class=\\"MuiSkeleton-root MuiSkeleton-text MuiSkeleton-pulse css-1n7gpw1-MuiSkeleton-root\\"
+               <a
+                 class=\\"MuiTypography-root MuiTypography-inherit MuiLink-root MuiLink-underlineAlways css-1nrvlnd-MuiTypography-root-MuiLink-root\\"
+                 href=\\"/wallet/0xb29090159568c39669a2d40460c160746e95fd76\\"
+                 title=\\"0xb29090159568c39669a2d40460c160746e95fd76\\"
+               >
+                 <p
+                   class=\\"MuiTypography-root MuiTypography-body2 css-18mpm0x-MuiTypography-root\\"
+                   title=\\"0xb29090159568c39669a2d40460c160746e95fd76\\"
+                 >
+                   0xb29090159568c39669a2d40460c160746e95fd76
+                 </p>
+               </a>
+               <svg
+                 aria-hidden=\\"true\\"
+                 aria-label=\\"copy to clipboard\\"
+                 class=\\"MuiSvgIcon-root MuiSvgIcon-fontSizeMedium css-eibj8z-MuiSvgIcon-root\\"
+                 data-mui-internal-clone-element=\\"true\\"
+                 data-testid=\\"ContentCopyIcon\\"
+                 focusable=\\"false\\"
+                 viewBox=\\"0 0 24 24\\"
+               >
+                 <path
+                   d=\\"M16 1H4c-1.1 0-2 .9-2 2v14h2V3h12V1zm3 4H8c-1.1 0-2 .9-2 2v14c0 1.1.9 2 2 2h11c1.1 0 2-.9 2-2V7c0-1.1-.9-2-2-2zm0 16H8V7h11v14z\\"
                  />
+               </svg>
+             </div>
            </td>
            <td
              class=\\"MuiTableCell-root MuiTableCell-body MuiTableCell-sizeSmall css-dsuxgy-MuiTableCell-root\\"
            >
-             <span
-               class=\\"MuiSkeleton-root MuiSkeleton-text MuiSkeleton-pulse css-1n7gpw1-MuiSkeleton-root\\"
+             <div
+               class=\\"MuiBox-root css-1gvmo7\\"
+             >
+               <a
+                 class=\\"MuiTypography-root MuiTypography-inherit MuiLink-root MuiLink-underlineAlways css-1nrvlnd-MuiTypography-root-MuiLink-root\\"
+                 href=\\"/wallet/0x320a50f32fb9e20fe113573031132c89835e496c\\"
+                 title=\\"0x320a50f32fb9e20fe113573031132c89835e496c\\"
+               >
+                 <p
+                   class=\\"MuiTypography-root MuiTypography-body2 css-18mpm0x-MuiTypography-root\\"
+                   title=\\"0x320a50f32fb9e20fe113573031132c89835e496c\\"
+                 >
+                   Uniswap pair
+                 </p>
+               </a>
+               <svg
+                 aria-hidden=\\"true\\"
+                 aria-label=\\"copy to clipboard\\"
+                 class=\\"MuiSvgIcon-root MuiSvgIcon-fontSizeMedium css-eibj8z-MuiSvgIcon-root\\"
+                 data-mui-internal-clone-element=\\"true\\"
+                 data-testid=\\"ContentCopyIcon\\"
+                 focusable=\\"false\\"
+                 viewBox=\\"0 0 24 24\\"
+               >
+                 <path
+                   d=\\"M16 1H4c-1.1 0-2 .9-2 2v14h2V3h12V1zm3 4H8c-1.1 0-2 .9-2 2v14c0 1.1.9 2 2 2h11c1.1 0 2-.9 2-2V7c0-1.1-.9-2-2-2zm0 16H8V7h11v14z\\"
                  />
+               </svg>
+             </div>
            </td>
            <td
              class=\\"MuiTableCell-root MuiTableCell-body MuiTableCell-sizeSmall css-dsuxgy-MuiTableCell-root\\"
            >
-             <span
-               class=\\"MuiSkeleton-root MuiSkeleton-text MuiSkeleton-pulse css-1n7gpw1-MuiSkeleton-root\\"
-             />
+             954.1284384
            </td>
          </tr>
          <tr
            class=\\"MuiTableRow-root css-1q1u3t4-MuiTableRow-root\\"
          >
            <td
              class=\\"MuiTableCell-root MuiTableCell-body MuiTableCell-sizeSmall css-dsuxgy-MuiTableCell-root\\"
            >
-             <span
-               class=\\"MuiSkeleton-root MuiSkeleton-text MuiSkeleton-pulse css-1n7gpw1-MuiSkeleton-root\\"
-             />
+             8/17/2022, 9:42:07 PM
            </td>
            <td
              class=\\"MuiTableCell-root MuiTableCell-body MuiTableCell-sizeSmall css-dsuxgy-MuiTableCell-root\\"
+           >
+             <div
+               class=\\"MuiBox-root css-1gvmo7\\"
+             >
+               <p
+                 class=\\"MuiTypography-root MuiTypography-body2 css-18mpm0x-MuiTypography-root\\"
+                 title=\\"0x6be3ab2edaf5241b131ac4cf674ccd89d1592891549607c071b5ddbbcb12cb8a\\"
                >
-             <span
-               class=\\"MuiSkeleton-root MuiSkeleton-text MuiSkeleton-pulse css-1n7gpw1-MuiSkeleton-root\\"
+                 0x6be3ab2edaf5241b131ac4cf674ccd89d1592891549607c071b5ddbbcb12cb8a
+               </p>
+               <svg
+                 aria-hidden=\\"true\\"
+                 aria-label=\\"copy to clipboard\\"
+                 class=\\"MuiSvgIcon-root MuiSvgIcon-fontSizeMedium css-eibj8z-MuiSvgIcon-root\\"
+                 data-mui-internal-clone-element=\\"true\\"
+                 data-testid=\\"ContentCopyIcon\\"
+                 focusable=\\"false\\"
+                 viewBox=\\"0 0 24 24\\"
+               >
+                 <path
+                   d=\\"M16 1H4c-1.1 0-2 .9-2 2v14h2V3h12V1zm3 4H8c-1.1 0-2 .9-2 2v14c0 1.1.9 2 2 2h11c1.1 0 2-.9 2-2V7c0-1.1-.9-2-2-2zm0 16H8V7h11v14z\\"
+                 />
+               </svg>
+               <div
+                 class=\\"MuiBox-root css-7gd3gi\\"
+               />
+               <a
+                 class=\\"MuiTypography-root MuiTypography-inherit MuiLink-root MuiLink-underlineAlways css-1dkk3ib-MuiTypography-root-MuiLink-root\\"
+                 href=\\"https://polygonscan.com/tx/0x6be3ab2edaf5241b131ac4cf674ccd89d1592891549607c071b5ddbbcb12cb8a\\"
+                 rel=\\"noopener noreferrer\\"
+                 target=\\"_blank\\"
+                 title=\\"https://polygonscan.com/tx/0x6be3ab2edaf5241b131ac4cf674ccd89d1592891549607c071b5ddbbcb12cb8a\\"
+               >
+                 <svg
+                   aria-hidden=\\"true\\"
+                   class=\\"MuiSvgIcon-root MuiSvgIcon-fontSizeMedium css-eibj8z-MuiSvgIcon-root\\"
+                   data-testid=\\"OpenInNewIcon\\"
+                   focusable=\\"false\\"
+                   viewBox=\\"0 0 24 24\\"
+                 >
+                   <path
+                     d=\\"M19 19H5V5h7V3H5c-1.11 0-2 .9-2 2v14c0 1.1.89 2 2 2h14c1.1 0 2-.9 2-2v-7h-2v7zM14 3v2h3.59l-9.83 9.83 1.41 1.41L19 6.41V10h2V3h-7z\\"
                    />
+                 </svg>
+               </a>
+             </div>
            </td>
            <td
              class=\\"MuiTableCell-root MuiTableCell-body MuiTableCell-sizeSmall css-dsuxgy-MuiTableCell-root\\"
+           >
+             <div
+               class=\\"MuiBox-root css-1gvmo7\\"
              >
-             <span
-               class=\\"MuiSkeleton-root MuiSkeleton-text MuiSkeleton-pulse css-1n7gpw1-MuiSkeleton-root\\"
+               <a
+                 class=\\"MuiTypography-root MuiTypography-inherit MuiLink-root MuiLink-underlineAlways css-1nrvlnd-MuiTypography-root-MuiLink-root\\"
+                 href=\\"/wallet/0x93b6f00363cda7dd2556c6fed6f7bd3cb044bdf9\\"
+                 title=\\"0x93b6f00363cda7dd2556c6fed6f7bd3cb044bdf9\\"
+               >
+                 <p
+                   class=\\"MuiTypography-root MuiTypography-body2 css-18mpm0x-MuiTypography-root\\"
+                   title=\\"0x93b6f00363cda7dd2556c6fed6f7bd3cb044bdf9\\"
+                 >
+                   0x93b6f00363cda7dd2556c6fed6f7bd3cb044bdf9
+                 </p>
+               </a>
+               <svg
+                 aria-hidden=\\"true\\"
+                 aria-label=\\"copy to clipboard\\"
+                 class=\\"MuiSvgIcon-root MuiSvgIcon-fontSizeMedium css-eibj8z-MuiSvgIcon-root\\"
+                 data-mui-internal-clone-element=\\"true\\"
+                 data-testid=\\"ContentCopyIcon\\"
+                 focusable=\\"false\\"
+                 viewBox=\\"0 0 24 24\\"
+               >
+                 <path
+                   d=\\"M16 1H4c-1.1 0-2 .9-2 2v14h2V3h12V1zm3 4H8c-1.1 0-2 .9-2 2v14c0 1.1.9 2 2 2h11c1.1 0 2-.9 2-2V7c0-1.1-.9-2-2-2zm0 16H8V7h11v14z\\"
                  />
+               </svg>
+             </div>
            </td>
            <td
              class=\\"MuiTableCell-root MuiTableCell-body MuiTableCell-sizeSmall css-dsuxgy-MuiTableCell-root\\"
+           >
+             <div
+               class=\\"MuiBox-root css-1gvmo7\\"
              >
-             <span
-               class=\\"MuiSkeleton-root MuiSkeleton-text MuiSkeleton-pulse css-1n7gpw1-MuiSkeleton-root\\"
+               <a
+                 class=\\"MuiTypography-root MuiTypography-inherit MuiLink-root MuiLink-underlineAlways css-1nrvlnd-MuiTypography-root-MuiLink-root\\"
+                 href=\\"/wallet/0x320a50f32fb9e20fe113573031132c89835e496c\\"
+                 title=\\"0x320a50f32fb9e20fe113573031132c89835e496c\\"
+               >
+                 <p
+                   class=\\"MuiTypography-root MuiTypography-body2 css-18mpm0x-MuiTypography-root\\"
+                   title=\\"0x320a50f32fb9e20fe113573031132c89835e496c\\"
+                 >
+                   Uniswap pair
+                 </p>
+               </a>
+               <svg
+                 aria-hidden=\\"true\\"
+                 aria-label=\\"copy to clipboard\\"
+                 class=\\"MuiSvgIcon-root MuiSvgIcon-fontSizeMedium css-eibj8z-MuiSvgIcon-root\\"
+                 data-mui-internal-clone-element=\\"true\\"
+                 data-testid=\\"ContentCopyIcon\\"
+                 focusable=\\"false\\"
+                 viewBox=\\"0 0 24 24\\"
+               >
+                 <path
+                   d=\\"M16 1H4c-1.1 0-2 .9-2 2v14h2V3h12V1zm3 4H8c-1.1 0-2 .9-2 2v14c0 1.1.9 2 2 2h11c1.1 0 2-.9 2-2V7c0-1.1-.9-2-2-2zm0 16H8V7h11v14z\\"
                  />
+               </svg>
+             </div>
            </td>
            <td
              class=\\"MuiTableCell-root MuiTableCell-body MuiTableCell-sizeSmall css-dsuxgy-MuiTableCell-root\\"
            >
-             <span
-               class=\\"MuiSkeleton-root MuiSkeleton-text MuiSkeleton-pulse css-1n7gpw1-MuiSkeleton-root\\"
-             />
+             103.36391416
            </td>
          </tr>
          <tr
            class=\\"MuiTableRow-root css-1q1u3t4-MuiTableRow-root\\"
          >
            <td
              class=\\"MuiTableCell-root MuiTableCell-body MuiTableCell-sizeSmall css-dsuxgy-MuiTableCell-root\\"
            >
-             <span
-               class=\\"MuiSkeleton-root MuiSkeleton-text MuiSkeleton-pulse css-1n7gpw1-MuiSkeleton-root\\"
-             />
+             8/17/2022, 9:41:21 PM
            </td>
            <td
              class=\\"MuiTableCell-root MuiTableCell-body MuiTableCell-sizeSmall css-dsuxgy-MuiTableCell-root\\"
            >
-             <span
-               class=\\"MuiSkeleton-root MuiSkeleton-text MuiSkeleton-pulse css-1n7gpw1-MuiSkeleton-root\\"
+             <div
+               class=\\"MuiBox-root css-1gvmo7\\"
+             >
+               <p
+                 class=\\"MuiTypography-root MuiTypography-body2 css-18mpm0x-MuiTypography-root\\"
+                 title=\\"0x3df7608bdc4a604b71d9787ca996dfaef2b8ac0745ce9a650df807189a7555bd\\"
+               >
+                 0x3df7608bdc4a604b71d9787ca996dfaef2b8ac0745ce9a650df807189a7555bd
+               </p>
+               <svg
+                 aria-hidden=\\"true\\"
+                 aria-label=\\"copy to clipboard\\"
+                 class=\\"MuiSvgIcon-root MuiSvgIcon-fontSizeMedium css-eibj8z-MuiSvgIcon-root\\"
+                 data-mui-internal-clone-element=\\"true\\"
+                 data-testid=\\"ContentCopyIcon\\"
+                 focusable=\\"false\\"
+                 viewBox=\\"0 0 24 24\\"
+               >
+                 <path
+                   d=\\"M16 1H4c-1.1 0-2 .9-2 2v14h2V3h12V1zm3 4H8c-1.1 0-2 .9-2 2v14c0 1.1.9 2 2 2h11c1.1 0 2-.9 2-2V7c0-1.1-.9-2-2-2zm0 16H8V7h11v14z\\"
+                 />
+               </svg>
+               <div
+                 class=\\"MuiBox-root css-7gd3gi\\"
+               />
+               <a
+                 class=\\"MuiTypography-root MuiTypography-inherit MuiLink-root MuiLink-underlineAlways css-1dkk3ib-MuiTypography-root-MuiLink-root\\"
+                 href=\\"https://polygonscan.com/tx/0x3df7608bdc4a604b71d9787ca996dfaef2b8ac0745ce9a650df807189a7555bd\\"
+                 rel=\\"noopener noreferrer\\"
+                 target=\\"_blank\\"
+                 title=\\"https://polygonscan.com/tx/0x3df7608bdc4a604b71d9787ca996dfaef2b8ac0745ce9a650df807189a7555bd\\"
+               >
+                 <svg
+                   aria-hidden=\\"true\\"
+                   class=\\"MuiSvgIcon-root MuiSvgIcon-fontSizeMedium css-eibj8z-MuiSvgIcon-root\\"
+                   data-testid=\\"OpenInNewIcon\\"
+                   focusable=\\"false\\"
+                   viewBox=\\"0 0 24 24\\"
+                 >
+                   <path
+                     d=\\"M19 19H5V5h7V3H5c-1.11 0-2 .9-2 2v14c0 1.1.89 2 2 2h14c1.1 0 2-.9 2-2v-7h-2v7zM14 3v2h3.59l-9.83 9.83 1.41 1.41L19 6.41V10h2V3h-7z\\"
                    />
+                 </svg>
+               </a>
+             </div>
            </td>
            <td
              class=\\"MuiTableCell-root MuiTableCell-body MuiTableCell-sizeSmall css-dsuxgy-MuiTableCell-root\\"
            >
-             <span
-               class=\\"MuiSkeleton-root MuiSkeleton-text MuiSkeleton-pulse css-1n7gpw1-MuiSkeleton-root\\"
+             <div
+               class=\\"MuiBox-root css-1gvmo7\\"
+             >
+               <a
+                 class=\\"MuiTypography-root MuiTypography-inherit MuiLink-root MuiLink-underlineAlways css-1nrvlnd-MuiTypography-root-MuiLink-root\\"
+                 href=\\"/wallet/0xa43a1fa8435483c49c79b37d729c47821eac6cda\\"
+                 title=\\"0xa43a1fa8435483c49c79b37d729c47821eac6cda\\"
+               >
+                 <p
+                   class=\\"MuiTypography-root MuiTypography-body2 css-18mpm0x-MuiTypography-root\\"
+                   title=\\"0xa43a1fa8435483c49c79b37d729c47821eac6cda\\"
+                 >
+                   TrustSwap vesting
+                 </p>
+               </a>
+               <svg
+                 aria-hidden=\\"true\\"
+                 aria-label=\\"copy to clipboard\\"
+                 class=\\"MuiSvgIcon-root MuiSvgIcon-fontSizeMedium css-eibj8z-MuiSvgIcon-root\\"
+                 data-mui-internal-clone-element=\\"true\\"
+                 data-testid=\\"ContentCopyIcon\\"
+                 focusable=\\"false\\"
+                 viewBox=\\"0 0 24 24\\"
+               >
+                 <path
+                   d=\\"M16 1H4c-1.1 0-2 .9-2 2v14h2V3h12V1zm3 4H8c-1.1 0-2 .9-2 2v14c0 1.1.9 2 2 2h11c1.1 0 2-.9 2-2V7c0-1.1-.9-2-2-2zm0 16H8V7h11v14z\\"
                  />
+               </svg>
+             </div>
            </td>
            <td
              class=\\"MuiTableCell-root MuiTableCell-body MuiTableCell-sizeSmall css-dsuxgy-MuiTableCell-root\\"
+           >
+             <div
+               class=\\"MuiBox-root css-1gvmo7\\"
              >
-             <span
-               class=\\"MuiSkeleton-root MuiSkeleton-text MuiSkeleton-pulse css-1n7gpw1-MuiSkeleton-root\\"
+               <a
+                 class=\\"MuiTypography-root MuiTypography-inherit MuiLink-root MuiLink-underlineAlways css-1nrvlnd-MuiTypography-root-MuiLink-root\\"
+                 href=\\"/wallet/0x93b6f00363cda7dd2556c6fed6f7bd3cb044bdf9\\"
+                 title=\\"0x93b6f00363cda7dd2556c6fed6f7bd3cb044bdf9\\"
+               >
+                 <p
+                   class=\\"MuiTypography-root MuiTypography-body2 css-18mpm0x-MuiTypography-root\\"
+                   title=\\"0x93b6f00363cda7dd2556c6fed6f7bd3cb044bdf9\\"
+                 >
+                   0x93b6f00363cda7dd2556c6fed6f7bd3cb044bdf9
+                 </p>
+               </a>
+               <svg
+                 aria-hidden=\\"true\\"
+                 aria-label=\\"copy to clipboard\\"
+                 class=\\"MuiSvgIcon-root MuiSvgIcon-fontSizeMedium css-eibj8z-MuiSvgIcon-root\\"
+                 data-mui-internal-clone-element=\\"true\\"
+                 data-testid=\\"ContentCopyIcon\\"
+                 focusable=\\"false\\"
+                 viewBox=\\"0 0 24 24\\"
+               >
+                 <path
+                   d=\\"M16 1H4c-1.1 0-2 .9-2 2v14h2V3h12V1zm3 4H8c-1.1 0-2 .9-2 2v14c0 1.1.9 2 2 2h11c1.1 0 2-.9 2-2V7c0-1.1-.9-2-2-2zm0 16H8V7h11v14z\\"
                  />
+               </svg>
+             </div>
            </td>
            <td
              class=\\"MuiTableCell-root MuiTableCell-body MuiTableCell-sizeSmall css-dsuxgy-MuiTableCell-root\\"
            >
-             <span
-               class=\\"MuiSkeleton-root MuiSkeleton-text MuiSkeleton-pulse css-1n7gpw1-MuiSkeleton-root\\"
-             />
+             103.36391416
            </td>
          </tr>
          <tr
            class=\\"MuiTableRow-root css-1q1u3t4-MuiTableRow-root\\"
          >
            <td
              class=\\"MuiTableCell-root MuiTableCell-body MuiTableCell-sizeSmall css-dsuxgy-MuiTableCell-root\\"
            >
-             <span
-               class=\\"MuiSkeleton-root MuiSkeleton-text MuiSkeleton-pulse css-1n7gpw1-MuiSkeleton-root\\"
-             />
+             8/17/2022, 9:40:47 PM
            </td>
            <td
              class=\\"MuiTableCell-root MuiTableCell-body MuiTableCell-sizeSmall css-dsuxgy-MuiTableCell-root\\"
+           >
+             <div
+               class=\\"MuiBox-root css-1gvmo7\\"
              >
-             <span
-               class=\\"MuiSkeleton-root MuiSkeleton-text MuiSkeleton-pulse css-1n7gpw1-MuiSkeleton-root\\"
+               <p
+                 class=\\"MuiTypography-root MuiTypography-body2 css-18mpm0x-MuiTypography-root\\"
+                 title=\\"0x8c809608547269e1000213057eced02d4e559256bd38b9f8d0a45717f790004d\\"
+               >
+                 0x8c809608547269e1000213057eced02d4e559256bd38b9f8d0a45717f790004d
+               </p>
+               <svg
+                 aria-hidden=\\"true\\"
+                 aria-label=\\"copy to clipboard\\"
+                 class=\\"MuiSvgIcon-root MuiSvgIcon-fontSizeMedium css-eibj8z-MuiSvgIcon-root\\"
+                 data-mui-internal-clone-element=\\"true\\"
+                 data-testid=\\"ContentCopyIcon\\"
+                 focusable=\\"false\\"
+                 viewBox=\\"0 0 24 24\\"
+               >
+                 <path
+                   d=\\"M16 1H4c-1.1 0-2 .9-2 2v14h2V3h12V1zm3 4H8c-1.1 0-2 .9-2 2v14c0 1.1.9 2 2 2h11c1.1 0 2-.9 2-2V7c0-1.1-.9-2-2-2zm0 16H8V7h11v14z\\"
+                 />
+               </svg>
+               <div
+                 class=\\"MuiBox-root css-7gd3gi\\"
+               />
+               <a
+                 class=\\"MuiTypography-root MuiTypography-inherit MuiLink-root MuiLink-underlineAlways css-1dkk3ib-MuiTypography-root-MuiLink-root\\"
+                 href=\\"https://polygonscan.com/tx/0x8c809608547269e1000213057eced02d4e559256bd38b9f8d0a45717f790004d\\"
+                 rel=\\"noopener noreferrer\\"
+                 target=\\"_blank\\"
+                 title=\\"https://polygonscan.com/tx/0x8c809608547269e1000213057eced02d4e559256bd38b9f8d0a45717f790004d\\"
+               >
+                 <svg
+                   aria-hidden=\\"true\\"
+                   class=\\"MuiSvgIcon-root MuiSvgIcon-fontSizeMedium css-eibj8z-MuiSvgIcon-root\\"
+                   data-testid=\\"OpenInNewIcon\\"
+                   focusable=\\"false\\"
+                   viewBox=\\"0 0 24 24\\"
+                 >
+                   <path
+                     d=\\"M19 19H5V5h7V3H5c-1.11 0-2 .9-2 2v14c0 1.1.89 2 2 2h14c1.1 0 2-.9 2-2v-7h-2v7zM14 3v2h3.59l-9.83 9.83 1.41 1.41L19 6.41V10h2V3h-7z\\"
                    />
+                 </svg>
+               </a>
+             </div>
            </td>
            <td
              class=\\"MuiTableCell-root MuiTableCell-body MuiTableCell-sizeSmall css-dsuxgy-MuiTableCell-root\\"
+           >
+             <div
+               class=\\"MuiBox-root css-1gvmo7\\"
              >
-             <span
-               class=\\"MuiSkeleton-root MuiSkeleton-text MuiSkeleton-pulse css-1n7gpw1-MuiSkeleton-root\\"
+               <a
+                 class=\\"MuiTypography-root MuiTypography-inherit MuiLink-root MuiLink-underlineAlways css-1nrvlnd-MuiTypography-root-MuiLink-root\\"
+                 href=\\"/wallet/0xc590175e458b83680867afd273527ff58f74c02b\\"
+                 title=\\"0xc590175e458b83680867afd273527ff58f74c02b\\"
+               >
+                 <p
+                   class=\\"MuiTypography-root MuiTypography-body2 css-18mpm0x-MuiTypography-root\\"
+                   title=\\"0xc590175e458b83680867afd273527ff58f74c02b\\"
+                 >
+                   0xc590175e458b83680867afd273527ff58f74c02b
+                 </p>
+               </a>
+               <svg
+                 aria-hidden=\\"true\\"
+                 aria-label=\\"copy to clipboard\\"
+                 class=\\"MuiSvgIcon-root MuiSvgIcon-fontSizeMedium css-eibj8z-MuiSvgIcon-root\\"
+                 data-mui-internal-clone-element=\\"true\\"
+                 data-testid=\\"ContentCopyIcon\\"
+                 focusable=\\"false\\"
+                 viewBox=\\"0 0 24 24\\"
+               >
+                 <path
+                   d=\\"M16 1H4c-1.1 0-2 .9-2 2v14h2V3h12V1zm3 4H8c-1.1 0-2 .9-2 2v14c0 1.1.9 2 2 2h11c1.1 0 2-.9 2-2V7c0-1.1-.9-2-2-2zm0 16H8V7h11v14z\\"
                  />
+               </svg>
+             </div>
            </td>
            <td
              class=\\"MuiTableCell-root MuiTableCell-body MuiTableCell-sizeSmall css-dsuxgy-MuiTableCell-root\\"
            >
-             <span
-               class=\\"MuiSkeleton-root MuiSkeleton-text MuiSkeleton-pulse css-1n7gpw1-MuiSkeleton-root\\"
+             <div
+               class=\\"MuiBox-root css-1gvmo7\\"
+             >
+               <a
+                 class=\\"MuiTypography-root MuiTypography-inherit MuiLink-root MuiLink-underlineAlways css-1nrvlnd-MuiTypography-root-MuiLink-root\\"
+                 href=\\"/wallet/0x06373719956047a6417b9766eb53181a4fe80fa1\\"
+                 title=\\"0x06373719956047a6417b9766eb53181a4fe80fa1\\"
+               >
+                 <p
+                   class=\\"MuiTypography-root MuiTypography-body2 css-18mpm0x-MuiTypography-root\\"
+                   title=\\"0x06373719956047a6417b9766eb53181a4fe80fa1\\"
+                 >
+                   0x06373719956047a6417b9766eb53181a4fe80fa1
+                 </p>
+               </a>
+               <svg
+                 aria-hidden=\\"true\\"
+                 aria-label=\\"copy to clipboard\\"
+                 class=\\"MuiSvgIcon-root MuiSvgIcon-fontSizeMedium css-eibj8z-MuiSvgIcon-root\\"
+                 data-mui-internal-clone-element=\\"true\\"
+                 data-testid=\\"ContentCopyIcon\\"
+                 focusable=\\"false\\"
+                 viewBox=\\"0 0 24 24\\"
+               >
+                 <path
+                   d=\\"M16 1H4c-1.1 0-2 .9-2 2v14h2V3h12V1zm3 4H8c-1.1 0-2 .9-2 2v14c0 1.1.9 2 2 2h11c1.1 0 2-.9 2-2V7c0-1.1-.9-2-2-2zm0 16H8V7h11v14z\\"
                  />
+               </svg>
+             </div>
            </td>
            <td
              class=\\"MuiTableCell-root MuiTableCell-body MuiTableCell-sizeSmall css-dsuxgy-MuiTableCell-root\\"
            >
-             <span
-               class=\\"MuiSkeleton-root MuiSkeleton-text MuiSkeleton-pulse css-1n7gpw1-MuiSkeleton-root\\"
-             />
+             15,111.61640461
            </td>
          </tr>
        </tbody>
      </table>
    </div>
-   <span
-     class=\\"MuiLinearProgress-root MuiLinearProgress-colorPrimary MuiLinearProgress-indeterminate css-eglki6-MuiLinearProgress-root\\"
-     role=\\"progressbar\\"
-   >
-     <span
-       class=\\"MuiLinearProgress-bar MuiLinearProgress-barColorPrimary MuiLinearProgress-bar1Indeterminate css-5ir5xx-MuiLinearProgress-bar1\\"
-     />
-     <span
-       class=\\"MuiLinearProgress-bar MuiLinearProgress-barColorPrimary MuiLinearProgress-bar2Indeterminate css-1r8wrcl-MuiLinearProgress-bar2\\"
-     />
-   </span>
    <div
      class=\\"MuiTablePagination-root css-jtlhu6-MuiTablePagination-root\\"
    >
      <div
        class=\\"MuiToolbar-root MuiToolbar-gutters MuiToolbar-regular MuiTablePagination-toolbar css-78c6dr-MuiToolbar-root-MuiTablePagination-toolbar\\""
`;

exports[`render Transactions table with data: loading 1`] = `
<DocumentFragment>
  <div
    class="MuiTableContainer-root css-rorn0c-MuiTableContainer-root"
  >
    <table
      class="MuiTable-root css-rqglhn-MuiTable-root"
    >
      <thead
        class="MuiTableHead-root css-15wwp11-MuiTableHead-root"
      >
        <tr
          class="MuiTableRow-root MuiTableRow-head css-1q1u3t4-MuiTableRow-root"
        >
          <th
            class="MuiTableCell-root MuiTableCell-head MuiTableCell-sizeSmall css-1howxi1-MuiTableCell-root"
            scope="col"
          >
            Date
          </th>
          <th
            class="MuiTableCell-root MuiTableCell-head MuiTableCell-sizeSmall css-1howxi1-MuiTableCell-root"
            scope="col"
          >
            Txn
          </th>
          <th
            class="MuiTableCell-root MuiTableCell-head MuiTableCell-sizeSmall css-1howxi1-MuiTableCell-root"
            scope="col"
          >
            From
          </th>
          <th
            class="MuiTableCell-root MuiTableCell-head MuiTableCell-sizeSmall css-1howxi1-MuiTableCell-root"
            scope="col"
          >
            To
          </th>
          <th
            class="MuiTableCell-root MuiTableCell-head MuiTableCell-sizeSmall css-1howxi1-MuiTableCell-root"
            scope="col"
          >
            Value
          </th>
        </tr>
      </thead>
      <tbody
        class="MuiTableBody-root css-apqrd9-MuiTableBody-root"
      >
        <tr
          class="MuiTableRow-root css-1q1u3t4-MuiTableRow-root"
        >
          <td
            class="MuiTableCell-root MuiTableCell-body MuiTableCell-sizeSmall css-dsuxgy-MuiTableCell-root"
          >
            <span
              class="MuiSkeleton-root MuiSkeleton-text MuiSkeleton-pulse css-1n7gpw1-MuiSkeleton-root"
            />
          </td>
          <td
            class="MuiTableCell-root MuiTableCell-body MuiTableCell-sizeSmall css-dsuxgy-MuiTableCell-root"
          >
            <span
              class="MuiSkeleton-root MuiSkeleton-text MuiSkeleton-pulse css-1n7gpw1-MuiSkeleton-root"
            />
          </td>
          <td
            class="MuiTableCell-root MuiTableCell-body MuiTableCell-sizeSmall css-dsuxgy-MuiTableCell-root"
          >
            <span
              class="MuiSkeleton-root MuiSkeleton-text MuiSkeleton-pulse css-1n7gpw1-MuiSkeleton-root"
            />
          </td>
          <td
            class="MuiTableCell-root MuiTableCell-body MuiTableCell-sizeSmall css-dsuxgy-MuiTableCell-root"
          >
            <span
              class="MuiSkeleton-root MuiSkeleton-text MuiSkeleton-pulse css-1n7gpw1-MuiSkeleton-root"
            />
          </td>
          <td
            class="MuiTableCell-root MuiTableCell-body MuiTableCell-sizeSmall css-dsuxgy-MuiTableCell-root"
          >
            <span
              class="MuiSkeleton-root MuiSkeleton-text MuiSkeleton-pulse css-1n7gpw1-MuiSkeleton-root"
            />
          </td>
        </tr>
        <tr
          class="MuiTableRow-root css-1q1u3t4-MuiTableRow-root"
        >
          <td
            class="MuiTableCell-root MuiTableCell-body MuiTableCell-sizeSmall css-dsuxgy-MuiTableCell-root"
          >
            <span
              class="MuiSkeleton-root MuiSkeleton-text MuiSkeleton-pulse css-1n7gpw1-MuiSkeleton-root"
            />
          </td>
          <td
            class="MuiTableCell-root MuiTableCell-body MuiTableCell-sizeSmall css-dsuxgy-MuiTableCell-root"
          >
            <span
              class="MuiSkeleton-root MuiSkeleton-text MuiSkeleton-pulse css-1n7gpw1-MuiSkeleton-root"
            />
          </td>
          <td
            class="MuiTableCell-root MuiTableCell-body MuiTableCell-sizeSmall css-dsuxgy-MuiTableCell-root"
          >
            <span
              class="MuiSkeleton-root MuiSkeleton-text MuiSkeleton-pulse css-1n7gpw1-MuiSkeleton-root"
            />
          </td>
          <td
            class="MuiTableCell-root MuiTableCell-body MuiTableCell-sizeSmall css-dsuxgy-MuiTableCell-root"
          >
            <span
              class="MuiSkeleton-root MuiSkeleton-text MuiSkeleton-pulse css-1n7gpw1-MuiSkeleton-root"
            />
          </td>
          <td
            class="MuiTableCell-root MuiTableCell-body MuiTableCell-sizeSmall css-dsuxgy-MuiTableCell-root"
          >
            <span
              class="MuiSkeleton-root MuiSkeleton-text MuiSkeleton-pulse css-1n7gpw1-MuiSkeleton-root"
            />
          </td>
        </tr>
        <tr
          class="MuiTableRow-root css-1q1u3t4-MuiTableRow-root"
        >
          <td
            class="MuiTableCell-root MuiTableCell-body MuiTableCell-sizeSmall css-dsuxgy-MuiTableCell-root"
          >
            <span
              class="MuiSkeleton-root MuiSkeleton-text MuiSkeleton-pulse css-1n7gpw1-MuiSkeleton-root"
            />
          </td>
          <td
            class="MuiTableCell-root MuiTableCell-body MuiTableCell-sizeSmall css-dsuxgy-MuiTableCell-root"
          >
            <span
              class="MuiSkeleton-root MuiSkeleton-text MuiSkeleton-pulse css-1n7gpw1-MuiSkeleton-root"
            />
          </td>
          <td
            class="MuiTableCell-root MuiTableCell-body MuiTableCell-sizeSmall css-dsuxgy-MuiTableCell-root"
          >
            <span
              class="MuiSkeleton-root MuiSkeleton-text MuiSkeleton-pulse css-1n7gpw1-MuiSkeleton-root"
            />
          </td>
          <td
            class="MuiTableCell-root MuiTableCell-body MuiTableCell-sizeSmall css-dsuxgy-MuiTableCell-root"
          >
            <span
              class="MuiSkeleton-root MuiSkeleton-text MuiSkeleton-pulse css-1n7gpw1-MuiSkeleton-root"
            />
          </td>
          <td
            class="MuiTableCell-root MuiTableCell-body MuiTableCell-sizeSmall css-dsuxgy-MuiTableCell-root"
          >
            <span
              class="MuiSkeleton-root MuiSkeleton-text MuiSkeleton-pulse css-1n7gpw1-MuiSkeleton-root"
            />
          </td>
        </tr>
        <tr
          class="MuiTableRow-root css-1q1u3t4-MuiTableRow-root"
        >
          <td
            class="MuiTableCell-root MuiTableCell-body MuiTableCell-sizeSmall css-dsuxgy-MuiTableCell-root"
          >
            <span
              class="MuiSkeleton-root MuiSkeleton-text MuiSkeleton-pulse css-1n7gpw1-MuiSkeleton-root"
            />
          </td>
          <td
            class="MuiTableCell-root MuiTableCell-body MuiTableCell-sizeSmall css-dsuxgy-MuiTableCell-root"
          >
            <span
              class="MuiSkeleton-root MuiSkeleton-text MuiSkeleton-pulse css-1n7gpw1-MuiSkeleton-root"
            />
          </td>
          <td
            class="MuiTableCell-root MuiTableCell-body MuiTableCell-sizeSmall css-dsuxgy-MuiTableCell-root"
          >
            <span
              class="MuiSkeleton-root MuiSkeleton-text MuiSkeleton-pulse css-1n7gpw1-MuiSkeleton-root"
            />
          </td>
          <td
            class="MuiTableCell-root MuiTableCell-body MuiTableCell-sizeSmall css-dsuxgy-MuiTableCell-root"
          >
            <span
              class="MuiSkeleton-root MuiSkeleton-text MuiSkeleton-pulse css-1n7gpw1-MuiSkeleton-root"
            />
          </td>
          <td
            class="MuiTableCell-root MuiTableCell-body MuiTableCell-sizeSmall css-dsuxgy-MuiTableCell-root"
          >
            <span
              class="MuiSkeleton-root MuiSkeleton-text MuiSkeleton-pulse css-1n7gpw1-MuiSkeleton-root"
            />
          </td>
        </tr>
        <tr
          class="MuiTableRow-root css-1q1u3t4-MuiTableRow-root"
        >
          <td
            class="MuiTableCell-root MuiTableCell-body MuiTableCell-sizeSmall css-dsuxgy-MuiTableCell-root"
          >
            <span
              class="MuiSkeleton-root MuiSkeleton-text MuiSkeleton-pulse css-1n7gpw1-MuiSkeleton-root"
            />
          </td>
          <td
            class="MuiTableCell-root MuiTableCell-body MuiTableCell-sizeSmall css-dsuxgy-MuiTableCell-root"
          >
            <span
              class="MuiSkeleton-root MuiSkeleton-text MuiSkeleton-pulse css-1n7gpw1-MuiSkeleton-root"
            />
          </td>
          <td
            class="MuiTableCell-root MuiTableCell-body MuiTableCell-sizeSmall css-dsuxgy-MuiTableCell-root"
          >
            <span
              class="MuiSkeleton-root MuiSkeleton-text MuiSkeleton-pulse css-1n7gpw1-MuiSkeleton-root"
            />
          </td>
          <td
            class="MuiTableCell-root MuiTableCell-body MuiTableCell-sizeSmall css-dsuxgy-MuiTableCell-root"
          >
            <span
              class="MuiSkeleton-root MuiSkeleton-text MuiSkeleton-pulse css-1n7gpw1-MuiSkeleton-root"
            />
          </td>
          <td
            class="MuiTableCell-root MuiTableCell-body MuiTableCell-sizeSmall css-dsuxgy-MuiTableCell-root"
          >
            <span
              class="MuiSkeleton-root MuiSkeleton-text MuiSkeleton-pulse css-1n7gpw1-MuiSkeleton-root"
            />
          </td>
        </tr>
        <tr
          class="MuiTableRow-root css-1q1u3t4-MuiTableRow-root"
        >
          <td
            class="MuiTableCell-root MuiTableCell-body MuiTableCell-sizeSmall css-dsuxgy-MuiTableCell-root"
          >
            <span
              class="MuiSkeleton-root MuiSkeleton-text MuiSkeleton-pulse css-1n7gpw1-MuiSkeleton-root"
            />
          </td>
          <td
            class="MuiTableCell-root MuiTableCell-body MuiTableCell-sizeSmall css-dsuxgy-MuiTableCell-root"
          >
            <span
              class="MuiSkeleton-root MuiSkeleton-text MuiSkeleton-pulse css-1n7gpw1-MuiSkeleton-root"
            />
          </td>
          <td
            class="MuiTableCell-root MuiTableCell-body MuiTableCell-sizeSmall css-dsuxgy-MuiTableCell-root"
          >
            <span
              class="MuiSkeleton-root MuiSkeleton-text MuiSkeleton-pulse css-1n7gpw1-MuiSkeleton-root"
            />
          </td>
          <td
            class="MuiTableCell-root MuiTableCell-body MuiTableCell-sizeSmall css-dsuxgy-MuiTableCell-root"
          >
            <span
              class="MuiSkeleton-root MuiSkeleton-text MuiSkeleton-pulse css-1n7gpw1-MuiSkeleton-root"
            />
          </td>
          <td
            class="MuiTableCell-root MuiTableCell-body MuiTableCell-sizeSmall css-dsuxgy-MuiTableCell-root"
          >
            <span
              class="MuiSkeleton-root MuiSkeleton-text MuiSkeleton-pulse css-1n7gpw1-MuiSkeleton-root"
            />
          </td>
        </tr>
        <tr
          class="MuiTableRow-root css-1q1u3t4-MuiTableRow-root"
        >
          <td
            class="MuiTableCell-root MuiTableCell-body MuiTableCell-sizeSmall css-dsuxgy-MuiTableCell-root"
          >
            <span
              class="MuiSkeleton-root MuiSkeleton-text MuiSkeleton-pulse css-1n7gpw1-MuiSkeleton-root"
            />
          </td>
          <td
            class="MuiTableCell-root MuiTableCell-body MuiTableCell-sizeSmall css-dsuxgy-MuiTableCell-root"
          >
            <span
              class="MuiSkeleton-root MuiSkeleton-text MuiSkeleton-pulse css-1n7gpw1-MuiSkeleton-root"
            />
          </td>
          <td
            class="MuiTableCell-root MuiTableCell-body MuiTableCell-sizeSmall css-dsuxgy-MuiTableCell-root"
          >
            <span
              class="MuiSkeleton-root MuiSkeleton-text MuiSkeleton-pulse css-1n7gpw1-MuiSkeleton-root"
            />
          </td>
          <td
            class="MuiTableCell-root MuiTableCell-body MuiTableCell-sizeSmall css-dsuxgy-MuiTableCell-root"
          >
            <span
              class="MuiSkeleton-root MuiSkeleton-text MuiSkeleton-pulse css-1n7gpw1-MuiSkeleton-root"
            />
          </td>
          <td
            class="MuiTableCell-root MuiTableCell-body MuiTableCell-sizeSmall css-dsuxgy-MuiTableCell-root"
          >
            <span
              class="MuiSkeleton-root MuiSkeleton-text MuiSkeleton-pulse css-1n7gpw1-MuiSkeleton-root"
            />
          </td>
        </tr>
        <tr
          class="MuiTableRow-root css-1q1u3t4-MuiTableRow-root"
        >
          <td
            class="MuiTableCell-root MuiTableCell-body MuiTableCell-sizeSmall css-dsuxgy-MuiTableCell-root"
          >
            <span
              class="MuiSkeleton-root MuiSkeleton-text MuiSkeleton-pulse css-1n7gpw1-MuiSkeleton-root"
            />
          </td>
          <td
            class="MuiTableCell-root MuiTableCell-body MuiTableCell-sizeSmall css-dsuxgy-MuiTableCell-root"
          >
            <span
              class="MuiSkeleton-root MuiSkeleton-text MuiSkeleton-pulse css-1n7gpw1-MuiSkeleton-root"
            />
          </td>
          <td
            class="MuiTableCell-root MuiTableCell-body MuiTableCell-sizeSmall css-dsuxgy-MuiTableCell-root"
          >
            <span
              class="MuiSkeleton-root MuiSkeleton-text MuiSkeleton-pulse css-1n7gpw1-MuiSkeleton-root"
            />
          </td>
          <td
            class="MuiTableCell-root MuiTableCell-body MuiTableCell-sizeSmall css-dsuxgy-MuiTableCell-root"
          >
            <span
              class="MuiSkeleton-root MuiSkeleton-text MuiSkeleton-pulse css-1n7gpw1-MuiSkeleton-root"
            />
          </td>
          <td
            class="MuiTableCell-root MuiTableCell-body MuiTableCell-sizeSmall css-dsuxgy-MuiTableCell-root"
          >
            <span
              class="MuiSkeleton-root MuiSkeleton-text MuiSkeleton-pulse css-1n7gpw1-MuiSkeleton-root"
            />
          </td>
        </tr>
        <tr
          class="MuiTableRow-root css-1q1u3t4-MuiTableRow-root"
        >
          <td
            class="MuiTableCell-root MuiTableCell-body MuiTableCell-sizeSmall css-dsuxgy-MuiTableCell-root"
          >
            <span
              class="MuiSkeleton-root MuiSkeleton-text MuiSkeleton-pulse css-1n7gpw1-MuiSkeleton-root"
            />
          </td>
          <td
            class="MuiTableCell-root MuiTableCell-body MuiTableCell-sizeSmall css-dsuxgy-MuiTableCell-root"
          >
            <span
              class="MuiSkeleton-root MuiSkeleton-text MuiSkeleton-pulse css-1n7gpw1-MuiSkeleton-root"
            />
          </td>
          <td
            class="MuiTableCell-root MuiTableCell-body MuiTableCell-sizeSmall css-dsuxgy-MuiTableCell-root"
          >
            <span
              class="MuiSkeleton-root MuiSkeleton-text MuiSkeleton-pulse css-1n7gpw1-MuiSkeleton-root"
            />
          </td>
          <td
            class="MuiTableCell-root MuiTableCell-body MuiTableCell-sizeSmall css-dsuxgy-MuiTableCell-root"
          >
            <span
              class="MuiSkeleton-root MuiSkeleton-text MuiSkeleton-pulse css-1n7gpw1-MuiSkeleton-root"
            />
          </td>
          <td
            class="MuiTableCell-root MuiTableCell-body MuiTableCell-sizeSmall css-dsuxgy-MuiTableCell-root"
          >
            <span
              class="MuiSkeleton-root MuiSkeleton-text MuiSkeleton-pulse css-1n7gpw1-MuiSkeleton-root"
            />
          </td>
        </tr>
        <tr
          class="MuiTableRow-root css-1q1u3t4-MuiTableRow-root"
        >
          <td
            class="MuiTableCell-root MuiTableCell-body MuiTableCell-sizeSmall css-dsuxgy-MuiTableCell-root"
          >
            <span
              class="MuiSkeleton-root MuiSkeleton-text MuiSkeleton-pulse css-1n7gpw1-MuiSkeleton-root"
            />
          </td>
          <td
            class="MuiTableCell-root MuiTableCell-body MuiTableCell-sizeSmall css-dsuxgy-MuiTableCell-root"
          >
            <span
              class="MuiSkeleton-root MuiSkeleton-text MuiSkeleton-pulse css-1n7gpw1-MuiSkeleton-root"
            />
          </td>
          <td
            class="MuiTableCell-root MuiTableCell-body MuiTableCell-sizeSmall css-dsuxgy-MuiTableCell-root"
          >
            <span
              class="MuiSkeleton-root MuiSkeleton-text MuiSkeleton-pulse css-1n7gpw1-MuiSkeleton-root"
            />
          </td>
          <td
            class="MuiTableCell-root MuiTableCell-body MuiTableCell-sizeSmall css-dsuxgy-MuiTableCell-root"
          >
            <span
              class="MuiSkeleton-root MuiSkeleton-text MuiSkeleton-pulse css-1n7gpw1-MuiSkeleton-root"
            />
          </td>
          <td
            class="MuiTableCell-root MuiTableCell-body MuiTableCell-sizeSmall css-dsuxgy-MuiTableCell-root"
          >
            <span
              class="MuiSkeleton-root MuiSkeleton-text MuiSkeleton-pulse css-1n7gpw1-MuiSkeleton-root"
            />
          </td>
        </tr>
      </tbody>
    </table>
  </div>
  <span
    class="MuiLinearProgress-root MuiLinearProgress-colorPrimary MuiLinearProgress-indeterminate css-eglki6-MuiLinearProgress-root"
    role="progressbar"
  >
    <span
      class="MuiLinearProgress-bar MuiLinearProgress-barColorPrimary MuiLinearProgress-bar1Indeterminate css-5ir5xx-MuiLinearProgress-bar1"
    />
    <span
      class="MuiLinearProgress-bar MuiLinearProgress-barColorPrimary MuiLinearProgress-bar2Indeterminate css-1r8wrcl-MuiLinearProgress-bar2"
    />
  </span>
  <div
    class="MuiTablePagination-root css-jtlhu6-MuiTablePagination-root"
  >
    <div
      class="MuiToolbar-root MuiToolbar-gutters MuiToolbar-regular MuiTablePagination-toolbar css-78c6dr-MuiToolbar-root-MuiTablePagination-toolbar"
    >
      <div
        class="MuiTablePagination-spacer css-1psng7p-MuiTablePagination-spacer"
      />
      <p
        class="MuiTablePagination-selectLabel css-pdct74-MuiTablePagination-selectLabel"
        id=":r1:"
      >
        Rows per page:
      </p>
      <div
        class="MuiInputBase-root MuiInputBase-colorPrimary css-16c50h-MuiInputBase-root-MuiTablePagination-select"
        variant="standard"
      >
        <div
          aria-expanded="false"
          aria-haspopup="listbox"
          aria-labelledby=":r1: :r0:"
          class="MuiTablePagination-select MuiSelect-select MuiSelect-standard MuiInputBase-input css-194a1fa-MuiSelect-select-MuiInputBase-input"
          id=":r0:"
          role="button"
          tabindex="0"
        >
          50
        </div>
        <input
          aria-hidden="true"
          class="MuiSelect-nativeInput css-yf8vq0-MuiSelect-nativeInput"
          tabindex="-1"
          value="50"
        />
        <svg
          aria-hidden="true"
          class="MuiSvgIcon-root MuiSvgIcon-fontSizeMedium MuiTablePagination-selectIcon MuiSelect-icon MuiSelect-iconStandard css-pqjvzy-MuiSvgIcon-root-MuiSelect-icon"
          data-testid="ArrowDropDownIcon"
          focusable="false"
          viewBox="0 0 24 24"
        >
          <path
            d="M7 10l5 5 5-5z"
          />
        </svg>
      </div>
      <p
        class="MuiTablePagination-displayedRows css-levciy-MuiTablePagination-displayedRows"
      >
        1–50 of 5000
      </p>
      <div
        class="MuiTablePagination-actions"
      >
        <button
          aria-label="Go to previous page"
          class="MuiButtonBase-root Mui-disabled MuiIconButton-root Mui-disabled MuiIconButton-colorInherit MuiIconButton-sizeMedium css-zylse7-MuiButtonBase-root-MuiIconButton-root"
          disabled=""
          tabindex="-1"
          title="Go to previous page"
          type="button"
        >
          <svg
            aria-hidden="true"
            class="MuiSvgIcon-root MuiSvgIcon-fontSizeMedium css-i4bv87-MuiSvgIcon-root"
            data-testid="KeyboardArrowLeftIcon"
            focusable="false"
            viewBox="0 0 24 24"
          >
            <path
              d="M15.41 16.09l-4.58-4.59 4.58-4.59L14 5.5l-6 6 6 6z"
            />
          </svg>
        </button>
        <button
          aria-label="Go to next page"
          class="MuiButtonBase-root MuiIconButton-root MuiIconButton-colorInherit MuiIconButton-sizeMedium css-zylse7-MuiButtonBase-root-MuiIconButton-root"
          tabindex="0"
          title="Go to next page"
          type="button"
        >
          <svg
            aria-hidden="true"
            class="MuiSvgIcon-root MuiSvgIcon-fontSizeMedium css-i4bv87-MuiSvgIcon-root"
            data-testid="KeyboardArrowRightIcon"
            focusable="false"
            viewBox="0 0 24 24"
          >
            <path
              d="M8.59 16.34l4.58-4.59-4.58-4.59L10 5.75l6 6-6 6z"
            />
          </svg>
          <span
            class="MuiTouchRipple-root css-8je8zh-MuiTouchRipple-root"
          />
        </button>
      </div>
    </div>
  </div>
</DocumentFragment>
`;
