// Jest Snapshot v1, https://goo.gl/fbAQLP

exports[`render WalletTransactions with data: loaded 1`] = `
"Snapshot Diff:
- First value
+ Second value

@@ -58,408 +58,745 @@
              class=\\"MuiTableRow-root css-1q1u3t4-MuiTableRow-root\\"
            >
              <td
                class=\\"MuiTableCell-root MuiTableCell-body MuiTableCell-sizeSmall css-dsuxgy-MuiTableCell-root\\"
              >
-               <span
-                 class=\\"MuiSkeleton-root MuiSkeleton-text MuiSkeleton-pulse css-1n7gpw1-MuiSkeleton-root\\"
-               />
+               10/31/2021, 8:12:03 PM
              </td>
              <td
                class=\\"MuiTableCell-root MuiTableCell-body MuiTableCell-sizeSmall css-dsuxgy-MuiTableCell-root\\"
              >
-               <span
-                 class=\\"MuiSkeleton-root MuiSkeleton-text MuiSkeleton-pulse css-1n7gpw1-MuiSkeleton-root\\"
-               />
-             </td>
-             <td
-               class=\\"MuiTableCell-root MuiTableCell-body MuiTableCell-sizeSmall css-dsuxgy-MuiTableCell-root\\"
+               <div
+                 class=\\"MuiBox-root css-1gvmo7\\"
+               >
+                 <p
+                   class=\\"MuiTypography-root MuiTypography-body2 css-18mpm0x-MuiTypography-root\\"
+                   title=\\"0xda33ce85b3e25979edf69b2b6af5af48a066fea1732843fc535685eb6b8a01e3\\"
                  >
-               <span
-                 class=\\"MuiSkeleton-root MuiSkeleton-text MuiSkeleton-pulse css-1n7gpw1-MuiSkeleton-root\\"
-               />
-             </td>
-             <td
-               class=\\"MuiTableCell-root MuiTableCell-body MuiTableCell-sizeSmall css-dsuxgy-MuiTableCell-root\\"
+                   0xda33ce85b3e25979edf69b2b6af5af48a066fea1732843fc535685eb6b8a01e3
+                 </p>
+                 <svg
+                   aria-hidden=\\"true\\"
+                   aria-label=\\"copy to clipboard\\"
+                   class=\\"MuiSvgIcon-root MuiSvgIcon-fontSizeMedium css-eibj8z-MuiSvgIcon-root\\"
+                   data-mui-internal-clone-element=\\"true\\"
+                   data-testid=\\"ContentCopyIcon\\"
+                   focusable=\\"false\\"
+                   viewBox=\\"0 0 24 24\\"
                  >
-               <span
-                 class=\\"MuiSkeleton-root MuiSkeleton-text MuiSkeleton-pulse css-1n7gpw1-MuiSkeleton-root\\"
+                   <path
+                     d=\\"M16 1H4c-1.1 0-2 .9-2 2v14h2V3h12V1zm3 4H8c-1.1 0-2 .9-2 2v14c0 1.1.9 2 2 2h11c1.1 0 2-.9 2-2V7c0-1.1-.9-2-2-2zm0 16H8V7h11v14z\\"
                    />
-             </td>
-             <td
-               class=\\"MuiTableCell-root MuiTableCell-body MuiTableCell-sizeSmall css-dsuxgy-MuiTableCell-root\\"
-             >
-               <span
-                 class=\\"MuiSkeleton-root MuiSkeleton-text MuiSkeleton-pulse css-1n7gpw1-MuiSkeleton-root\\"
+                 </svg>
+                 <div
+                   class=\\"MuiBox-root css-7gd3gi\\"
                  />
-             </td>
-           </tr>
-           <tr
-             class=\\"MuiTableRow-root css-1q1u3t4-MuiTableRow-root\\"
+                 <a
+                   class=\\"MuiTypography-root MuiTypography-inherit MuiLink-root MuiLink-underlineAlways css-1dkk3ib-MuiTypography-root-MuiLink-root\\"
+                   href=\\"https://polygonscan.com/tx/0xda33ce85b3e25979edf69b2b6af5af48a066fea1732843fc535685eb6b8a01e3\\"
+                   rel=\\"noopener noreferrer\\"
+                   target=\\"_blank\\"
+                   title=\\"https://polygonscan.com/tx/0xda33ce85b3e25979edf69b2b6af5af48a066fea1732843fc535685eb6b8a01e3\\"
                  >
-             <td
-               class=\\"MuiTableCell-root MuiTableCell-body MuiTableCell-sizeSmall css-dsuxgy-MuiTableCell-root\\"
+                   <svg
+                     aria-hidden=\\"true\\"
+                     class=\\"MuiSvgIcon-root MuiSvgIcon-fontSizeMedium css-eibj8z-MuiSvgIcon-root\\"
+                     data-testid=\\"OpenInNewIcon\\"
+                     focusable=\\"false\\"
+                     viewBox=\\"0 0 24 24\\"
                    >
-               <span
-                 class=\\"MuiSkeleton-root MuiSkeleton-text MuiSkeleton-pulse css-1n7gpw1-MuiSkeleton-root\\"
+                     <path
+                       d=\\"M19 19H5V5h7V3H5c-1.11 0-2 .9-2 2v14c0 1.1.89 2 2 2h14c1.1 0 2-.9 2-2v-7h-2v7zM14 3v2h3.59l-9.83 9.83 1.41 1.41L19 6.41V10h2V3h-7z\\"
                      />
+                   </svg>
+                 </a>
+               </div>
              </td>
              <td
                class=\\"MuiTableCell-root MuiTableCell-body MuiTableCell-sizeSmall css-dsuxgy-MuiTableCell-root\\"
              >
-               <span
-                 class=\\"MuiSkeleton-root MuiSkeleton-text MuiSkeleton-pulse css-1n7gpw1-MuiSkeleton-root\\"
-               />
-             </td>
-             <td
-               class=\\"MuiTableCell-root MuiTableCell-body MuiTableCell-sizeSmall css-dsuxgy-MuiTableCell-root\\"
+               <div
+                 class=\\"MuiBox-root css-1gvmo7\\"
+               >
+                 <a
+                   class=\\"MuiTypography-root MuiTypography-inherit MuiLink-root MuiLink-underlineAlways css-1nrvlnd-MuiTypography-root-MuiLink-root\\"
+                   href=\\"/wallet/0xd5a7661d150b41de85a18f756e0fda78c4bb7d0a\\"
+                   title=\\"0xd5a7661d150b41de85a18f756e0fda78c4bb7d0a\\"
+                 >
+                   <p
+                     class=\\"MuiTypography-root MuiTypography-body2 css-18mpm0x-MuiTypography-root\\"
+                     title=\\"0xd5a7661d150b41de85a18f756e0fda78c4bb7d0a\\"
                    >
-               <span
-                 class=\\"MuiSkeleton-root MuiSkeleton-text MuiSkeleton-pulse css-1n7gpw1-MuiSkeleton-root\\"
+                     Deployer
+                   </p>
+                 </a>
+                 <svg
+                   aria-hidden=\\"true\\"
+                   aria-label=\\"copy to clipboard\\"
+                   class=\\"MuiSvgIcon-root MuiSvgIcon-fontSizeMedium css-eibj8z-MuiSvgIcon-root\\"
+                   data-mui-internal-clone-element=\\"true\\"
+                   data-testid=\\"ContentCopyIcon\\"
+                   focusable=\\"false\\"
+                   viewBox=\\"0 0 24 24\\"
+                 >
+                   <path
+                     d=\\"M16 1H4c-1.1 0-2 .9-2 2v14h2V3h12V1zm3 4H8c-1.1 0-2 .9-2 2v14c0 1.1.9 2 2 2h11c1.1 0 2-.9 2-2V7c0-1.1-.9-2-2-2zm0 16H8V7h11v14z\\"
                    />
+                 </svg>
+               </div>
              </td>
              <td
                class=\\"MuiTableCell-root MuiTableCell-body MuiTableCell-sizeSmall css-dsuxgy-MuiTableCell-root\\"
              >
-               <span
-                 class=\\"MuiSkeleton-root MuiSkeleton-text MuiSkeleton-pulse css-1n7gpw1-MuiSkeleton-root\\"
+               <div
+                 class=\\"MuiBox-root css-1gvmo7\\"
+               >
+                 <p
+                   class=\\"MuiTypography-root MuiTypography-body2 css-18mpm0x-MuiTypography-root\\"
+                   title=\\"0xc6695c80913a37219929ec26f746283842d02cd0\\"
+                 >
+                   0xc6695c80913a37219929ec26f746283842d02cd0
+                 </p>
+                 <svg
+                   aria-hidden=\\"true\\"
+                   aria-label=\\"copy to clipboard\\"
+                   class=\\"MuiSvgIcon-root MuiSvgIcon-fontSizeMedium css-eibj8z-MuiSvgIcon-root\\"
+                   data-mui-internal-clone-element=\\"true\\"
+                   data-testid=\\"ContentCopyIcon\\"
+                   focusable=\\"false\\"
+                   viewBox=\\"0 0 24 24\\"
+                 >
+                   <path
+                     d=\\"M16 1H4c-1.1 0-2 .9-2 2v14h2V3h12V1zm3 4H8c-1.1 0-2 .9-2 2v14c0 1.1.9 2 2 2h11c1.1 0 2-.9 2-2V7c0-1.1-.9-2-2-2zm0 16H8V7h11v14z\\"
                    />
+                 </svg>
+               </div>
              </td>
              <td
                class=\\"MuiTableCell-root MuiTableCell-body MuiTableCell-sizeSmall css-dsuxgy-MuiTableCell-root\\"
              >
-               <span
-                 class=\\"MuiSkeleton-root MuiSkeleton-text MuiSkeleton-pulse css-1n7gpw1-MuiSkeleton-root\\"
-               />
+               89,981,000.0
              </td>
            </tr>
            <tr
              class=\\"MuiTableRow-root css-1q1u3t4-MuiTableRow-root\\"
            >
              <td
                class=\\"MuiTableCell-root MuiTableCell-body MuiTableCell-sizeSmall css-dsuxgy-MuiTableCell-root\\"
              >
-               <span
-                 class=\\"MuiSkeleton-root MuiSkeleton-text MuiSkeleton-pulse css-1n7gpw1-MuiSkeleton-root\\"
-               />
+               10/31/2021, 8:09:55 PM
              </td>
              <td
                class=\\"MuiTableCell-root MuiTableCell-body MuiTableCell-sizeSmall css-dsuxgy-MuiTableCell-root\\"
              >
-               <span
-                 class=\\"MuiSkeleton-root MuiSkeleton-text MuiSkeleton-pulse css-1n7gpw1-MuiSkeleton-root\\"
+               <div
+                 class=\\"MuiBox-root css-1gvmo7\\"
+               >
+                 <p
+                   class=\\"MuiTypography-root MuiTypography-body2 css-18mpm0x-MuiTypography-root\\"
+                   title=\\"0x195b7ed5e4af8e7f25c533fa9b3917157a662e64d7baf078d91134588a0c8515\\"
+                 >
+                   0x195b7ed5e4af8e7f25c533fa9b3917157a662e64d7baf078d91134588a0c8515
+                 </p>
+                 <svg
+                   aria-hidden=\\"true\\"
+                   aria-label=\\"copy to clipboard\\"
+                   class=\\"MuiSvgIcon-root MuiSvgIcon-fontSizeMedium css-eibj8z-MuiSvgIcon-root\\"
+                   data-mui-internal-clone-element=\\"true\\"
+                   data-testid=\\"ContentCopyIcon\\"
+                   focusable=\\"false\\"
+                   viewBox=\\"0 0 24 24\\"
+                 >
+                   <path
+                     d=\\"M16 1H4c-1.1 0-2 .9-2 2v14h2V3h12V1zm3 4H8c-1.1 0-2 .9-2 2v14c0 1.1.9 2 2 2h11c1.1 0 2-.9 2-2V7c0-1.1-.9-2-2-2zm0 16H8V7h11v14z\\"
+                   />
+                 </svg>
+                 <div
+                   class=\\"MuiBox-root css-7gd3gi\\"
+                 />
+                 <a
+                   class=\\"MuiTypography-root MuiTypography-inherit MuiLink-root MuiLink-underlineAlways css-1dkk3ib-MuiTypography-root-MuiLink-root\\"
+                   href=\\"https://polygonscan.com/tx/0x195b7ed5e4af8e7f25c533fa9b3917157a662e64d7baf078d91134588a0c8515\\"
+                   rel=\\"noopener noreferrer\\"
+                   target=\\"_blank\\"
+                   title=\\"https://polygonscan.com/tx/0x195b7ed5e4af8e7f25c533fa9b3917157a662e64d7baf078d91134588a0c8515\\"
+                 >
+                   <svg
+                     aria-hidden=\\"true\\"
+                     class=\\"MuiSvgIcon-root MuiSvgIcon-fontSizeMedium css-eibj8z-MuiSvgIcon-root\\"
+                     data-testid=\\"OpenInNewIcon\\"
+                     focusable=\\"false\\"
+                     viewBox=\\"0 0 24 24\\"
+                   >
+                     <path
+                       d=\\"M19 19H5V5h7V3H5c-1.11 0-2 .9-2 2v14c0 1.1.89 2 2 2h14c1.1 0 2-.9 2-2v-7h-2v7zM14 3v2h3.59l-9.83 9.83 1.41 1.41L19 6.41V10h2V3h-7z\\"
                      />
+                   </svg>
+                 </a>
+               </div>
              </td>
              <td
                class=\\"MuiTableCell-root MuiTableCell-body MuiTableCell-sizeSmall css-dsuxgy-MuiTableCell-root\\"
              >
-               <span
-                 class=\\"MuiSkeleton-root MuiSkeleton-text MuiSkeleton-pulse css-1n7gpw1-MuiSkeleton-root\\"
+               <div
+                 class=\\"MuiBox-root css-1gvmo7\\"
+               >
+                 <a
+                   class=\\"MuiTypography-root MuiTypography-inherit MuiLink-root MuiLink-underlineAlways css-1nrvlnd-MuiTypography-root-MuiLink-root\\"
+                   href=\\"/wallet/0xf2e4efbcec08d128205d299d6358e7d095eab2f4\\"
+                   title=\\"0xf2e4efbcec08d128205d299d6358e7d095eab2f4\\"
+                 >
+                   <p
+                     class=\\"MuiTypography-root MuiTypography-body2 css-18mpm0x-MuiTypography-root\\"
+                     title=\\"0xf2e4efbcec08d128205d299d6358e7d095eab2f4\\"
+                   >
+                     Dev balance
+                   </p>
+                 </a>
+                 <svg
+                   aria-hidden=\\"true\\"
+                   aria-label=\\"copy to clipboard\\"
+                   class=\\"MuiSvgIcon-root MuiSvgIcon-fontSizeMedium css-eibj8z-MuiSvgIcon-root\\"
+                   data-mui-internal-clone-element=\\"true\\"
+                   data-testid=\\"ContentCopyIcon\\"
+                   focusable=\\"false\\"
+                   viewBox=\\"0 0 24 24\\"
+                 >
+                   <path
+                     d=\\"M16 1H4c-1.1 0-2 .9-2 2v14h2V3h12V1zm3 4H8c-1.1 0-2 .9-2 2v14c0 1.1.9 2 2 2h11c1.1 0 2-.9 2-2V7c0-1.1-.9-2-2-2zm0 16H8V7h11v14z\\"
                    />
+                 </svg>
+               </div>
              </td>
              <td
                class=\\"MuiTableCell-root MuiTableCell-body MuiTableCell-sizeSmall css-dsuxgy-MuiTableCell-root\\"
              >
-               <span
-                 class=\\"MuiSkeleton-root MuiSkeleton-text MuiSkeleton-pulse css-1n7gpw1-MuiSkeleton-root\\"
+               <div
+                 class=\\"MuiBox-root css-1gvmo7\\"
+               >
+                 <p
+                   class=\\"MuiTypography-root MuiTypography-body2 css-18mpm0x-MuiTypography-root\\"
+                   title=\\"0xc6695c80913a37219929ec26f746283842d02cd0\\"
+                 >
+                   0xc6695c80913a37219929ec26f746283842d02cd0
+                 </p>
+                 <svg
+                   aria-hidden=\\"true\\"
+                   aria-label=\\"copy to clipboard\\"
+                   class=\\"MuiSvgIcon-root MuiSvgIcon-fontSizeMedium css-eibj8z-MuiSvgIcon-root\\"
+                   data-mui-internal-clone-element=\\"true\\"
+                   data-testid=\\"ContentCopyIcon\\"
+                   focusable=\\"false\\"
+                   viewBox=\\"0 0 24 24\\"
+                 >
+                   <path
+                     d=\\"M16 1H4c-1.1 0-2 .9-2 2v14h2V3h12V1zm3 4H8c-1.1 0-2 .9-2 2v14c0 1.1.9 2 2 2h11c1.1 0 2-.9 2-2V7c0-1.1-.9-2-2-2zm0 16H8V7h11v14z\\"
                    />
+                 </svg>
+               </div>
              </td>
              <td
                class=\\"MuiTableCell-root MuiTableCell-body MuiTableCell-sizeSmall css-dsuxgy-MuiTableCell-root\\"
              >
-               <span
-                 class=\\"MuiSkeleton-root MuiSkeleton-text MuiSkeleton-pulse css-1n7gpw1-MuiSkeleton-root\\"
-               />
+               30,000,000.0
              </td>
            </tr>
            <tr
              class=\\"MuiTableRow-root css-1q1u3t4-MuiTableRow-root\\"
            >
              <td
                class=\\"MuiTableCell-root MuiTableCell-body MuiTableCell-sizeSmall css-dsuxgy-MuiTableCell-root\\"
              >
-               <span
-                 class=\\"MuiSkeleton-root MuiSkeleton-text MuiSkeleton-pulse css-1n7gpw1-MuiSkeleton-root\\"
-               />
+               10/30/2021, 7:40:54 AM
              </td>
              <td
                class=\\"MuiTableCell-root MuiTableCell-body MuiTableCell-sizeSmall css-dsuxgy-MuiTableCell-root\\"
+             >
+               <div
+                 class=\\"MuiBox-root css-1gvmo7\\"
+               >
+                 <p
+                   class=\\"MuiTypography-root MuiTypography-body2 css-18mpm0x-MuiTypography-root\\"
+                   title=\\"0x4422a6177688044c63117a8400810498d36debdbc1da31ce7b4fe1c548f4e0fe\\"
+                 >
+                   0x4422a6177688044c63117a8400810498d36debdbc1da31ce7b4fe1c548f4e0fe
+                 </p>
+                 <svg
+                   aria-hidden=\\"true\\"
+                   aria-label=\\"copy to clipboard\\"
+                   class=\\"MuiSvgIcon-root MuiSvgIcon-fontSizeMedium css-eibj8z-MuiSvgIcon-root\\"
+                   data-mui-internal-clone-element=\\"true\\"
+                   data-testid=\\"ContentCopyIcon\\"
+                   focusable=\\"false\\"
+                   viewBox=\\"0 0 24 24\\"
                  >
-               <span
-                 class=\\"MuiSkeleton-root MuiSkeleton-text MuiSkeleton-pulse css-1n7gpw1-MuiSkeleton-root\\"
+                   <path
+                     d=\\"M16 1H4c-1.1 0-2 .9-2 2v14h2V3h12V1zm3 4H8c-1.1 0-2 .9-2 2v14c0 1.1.9 2 2 2h11c1.1 0 2-.9 2-2V7c0-1.1-.9-2-2-2zm0 16H8V7h11v14z\\"
+                   />
+                 </svg>
+                 <div
+                   class=\\"MuiBox-root css-7gd3gi\\"
+                 />
+                 <a
+                   class=\\"MuiTypography-root MuiTypography-inherit MuiLink-root MuiLink-underlineAlways css-1dkk3ib-MuiTypography-root-MuiLink-root\\"
+                   href=\\"https://polygonscan.com/tx/0x4422a6177688044c63117a8400810498d36debdbc1da31ce7b4fe1c548f4e0fe\\"
+                   rel=\\"noopener noreferrer\\"
+                   target=\\"_blank\\"
+                   title=\\"https://polygonscan.com/tx/0x4422a6177688044c63117a8400810498d36debdbc1da31ce7b4fe1c548f4e0fe\\"
+                 >
+                   <svg
+                     aria-hidden=\\"true\\"
+                     class=\\"MuiSvgIcon-root MuiSvgIcon-fontSizeMedium css-eibj8z-MuiSvgIcon-root\\"
+                     data-testid=\\"OpenInNewIcon\\"
+                     focusable=\\"false\\"
+                     viewBox=\\"0 0 24 24\\"
+                   >
+                     <path
+                       d=\\"M19 19H5V5h7V3H5c-1.11 0-2 .9-2 2v14c0 1.1.89 2 2 2h14c1.1 0 2-.9 2-2v-7h-2v7zM14 3v2h3.59l-9.83 9.83 1.41 1.41L19 6.41V10h2V3h-7z\\"
                      />
+                   </svg>
+                 </a>
+               </div>
              </td>
              <td
                class=\\"MuiTableCell-root MuiTableCell-body MuiTableCell-sizeSmall css-dsuxgy-MuiTableCell-root\\"
+             >
+               <div
+                 class=\\"MuiBox-root css-1gvmo7\\"
+               >
+                 <p
+                   class=\\"MuiTypography-root MuiTypography-body2 css-18mpm0x-MuiTypography-root\\"
+                   title=\\"0xc6695c80913a37219929ec26f746283842d02cd0\\"
+                 >
+                   0xc6695c80913a37219929ec26f746283842d02cd0
+                 </p>
+                 <svg
+                   aria-hidden=\\"true\\"
+                   aria-label=\\"copy to clipboard\\"
+                   class=\\"MuiSvgIcon-root MuiSvgIcon-fontSizeMedium css-eibj8z-MuiSvgIcon-root\\"
+                   data-mui-internal-clone-element=\\"true\\"
+                   data-testid=\\"ContentCopyIcon\\"
+                   focusable=\\"false\\"
+                   viewBox=\\"0 0 24 24\\"
                  >
-               <span
-                 class=\\"MuiSkeleton-root MuiSkeleton-text MuiSkeleton-pulse css-1n7gpw1-MuiSkeleton-root\\"
+                   <path
+                     d=\\"M16 1H4c-1.1 0-2 .9-2 2v14h2V3h12V1zm3 4H8c-1.1 0-2 .9-2 2v14c0 1.1.9 2 2 2h11c1.1 0 2-.9 2-2V7c0-1.1-.9-2-2-2zm0 16H8V7h11v14z\\"
                    />
+                 </svg>
+               </div>
              </td>
              <td
                class=\\"MuiTableCell-root MuiTableCell-body MuiTableCell-sizeSmall css-dsuxgy-MuiTableCell-root\\"
              >
-               <span
-                 class=\\"MuiSkeleton-root MuiSkeleton-text MuiSkeleton-pulse css-1n7gpw1-MuiSkeleton-root\\"
+               <div
+                 class=\\"MuiBox-root css-1gvmo7\\"
+               >
+                 <a
+                   class=\\"MuiTypography-root MuiTypography-inherit MuiLink-root MuiLink-underlineAlways css-1nrvlnd-MuiTypography-root-MuiLink-root\\"
+                   href=\\"/wallet/0x586c21a779c24efd2a8af33c9f7df2a2ea9af55c\\"
+                   title=\\"0x586c21a779c24efd2a8af33c9f7df2a2ea9af55c\\"
+                 >
+                   <p
+                     class=\\"MuiTypography-root MuiTypography-body2 css-18mpm0x-MuiTypography-root\\"
+                     title=\\"0x586c21a779c24efd2a8af33c9f7df2a2ea9af55c\\"
+                   >
+                     Locked Tokens
+                   </p>
+                 </a>
+                 <svg
+                   aria-hidden=\\"true\\"
+                   aria-label=\\"copy to clipboard\\"
+                   class=\\"MuiSvgIcon-root MuiSvgIcon-fontSizeMedium css-eibj8z-MuiSvgIcon-root\\"
+                   data-mui-internal-clone-element=\\"true\\"
+                   data-testid=\\"ContentCopyIcon\\"
+                   focusable=\\"false\\"
+                   viewBox=\\"0 0 24 24\\"
+                 >
+                   <path
+                     d=\\"M16 1H4c-1.1 0-2 .9-2 2v14h2V3h12V1zm3 4H8c-1.1 0-2 .9-2 2v14c0 1.1.9 2 2 2h11c1.1 0 2-.9 2-2V7c0-1.1-.9-2-2-2zm0 16H8V7h11v14z\\"
                    />
+                 </svg>
+               </div>
              </td>
              <td
                class=\\"MuiTableCell-root MuiTableCell-body MuiTableCell-sizeSmall css-dsuxgy-MuiTableCell-root\\"
              >
-               <span
-                 class=\\"MuiSkeleton-root MuiSkeleton-text MuiSkeleton-pulse css-1n7gpw1-MuiSkeleton-root\\"
-               />
+               10,000,000.0
              </td>
            </tr>
            <tr
              class=\\"MuiTableRow-root css-1q1u3t4-MuiTableRow-root\\"
            >
              <td
                class=\\"MuiTableCell-root MuiTableCell-body MuiTableCell-sizeSmall css-dsuxgy-MuiTableCell-root\\"
              >
-               <span
-                 class=\\"MuiSkeleton-root MuiSkeleton-text MuiSkeleton-pulse css-1n7gpw1-MuiSkeleton-root\\"
-               />
+               10/28/2021, 2:02:35 AM
              </td>
              <td
                class=\\"MuiTableCell-root MuiTableCell-body MuiTableCell-sizeSmall css-dsuxgy-MuiTableCell-root\\"
              >
-               <span
-                 class=\\"MuiSkeleton-root MuiSkeleton-text MuiSkeleton-pulse css-1n7gpw1-MuiSkeleton-root\\"
+               <div
+                 class=\\"MuiBox-root css-1gvmo7\\"
+               >
+                 <p
+                   class=\\"MuiTypography-root MuiTypography-body2 css-18mpm0x-MuiTypography-root\\"
+                   title=\\"0xeb3216f0faac04becff212ecd589dbcc6fa0b893a2ee3d881ec6af2658794b69\\"
+                 >
+                   0xeb3216f0faac04becff212ecd589dbcc6fa0b893a2ee3d881ec6af2658794b69
+                 </p>
+                 <svg
+                   aria-hidden=\\"true\\"
+                   aria-label=\\"copy to clipboard\\"
+                   class=\\"MuiSvgIcon-root MuiSvgIcon-fontSizeMedium css-eibj8z-MuiSvgIcon-root\\"
+                   data-mui-internal-clone-element=\\"true\\"
+                   data-testid=\\"ContentCopyIcon\\"
+                   focusable=\\"false\\"
+                   viewBox=\\"0 0 24 24\\"
+                 >
+                   <path
+                     d=\\"M16 1H4c-1.1 0-2 .9-2 2v14h2V3h12V1zm3 4H8c-1.1 0-2 .9-2 2v14c0 1.1.9 2 2 2h11c1.1 0 2-.9 2-2V7c0-1.1-.9-2-2-2zm0 16H8V7h11v14z\\"
+                   />
+                 </svg>
+                 <div
+                   class=\\"MuiBox-root css-7gd3gi\\"
                  />
-             </td>
-             <td
-               class=\\"MuiTableCell-root MuiTableCell-body MuiTableCell-sizeSmall css-dsuxgy-MuiTableCell-root\\"
+                 <a
+                   class=\\"MuiTypography-root MuiTypography-inherit MuiLink-root MuiLink-underlineAlways css-1dkk3ib-MuiTypography-root-MuiLink-root\\"
+                   href=\\"https://polygonscan.com/tx/0xeb3216f0faac04becff212ecd589dbcc6fa0b893a2ee3d881ec6af2658794b69\\"
+                   rel=\\"noopener noreferrer\\"
+                   target=\\"_blank\\"
+                   title=\\"https://polygonscan.com/tx/0xeb3216f0faac04becff212ecd589dbcc6fa0b893a2ee3d881ec6af2658794b69\\"
+                 >
+                   <svg
+                     aria-hidden=\\"true\\"
+                     class=\\"MuiSvgIcon-root MuiSvgIcon-fontSizeMedium css-eibj8z-MuiSvgIcon-root\\"
+                     data-testid=\\"OpenInNewIcon\\"
+                     focusable=\\"false\\"
+                     viewBox=\\"0 0 24 24\\"
                    >
-               <span
-                 class=\\"MuiSkeleton-root MuiSkeleton-text MuiSkeleton-pulse css-1n7gpw1-MuiSkeleton-root\\"
+                     <path
+                       d=\\"M19 19H5V5h7V3H5c-1.11 0-2 .9-2 2v14c0 1.1.89 2 2 2h14c1.1 0 2-.9 2-2v-7h-2v7zM14 3v2h3.59l-9.83 9.83 1.41 1.41L19 6.41V10h2V3h-7z\\"
                      />
+                   </svg>
+                 </a>
+               </div>
              </td>
              <td
                class=\\"MuiTableCell-root MuiTableCell-body MuiTableCell-sizeSmall css-dsuxgy-MuiTableCell-root\\"
              >
-               <span
-                 class=\\"MuiSkeleton-root MuiSkeleton-text MuiSkeleton-pulse css-1n7gpw1-MuiSkeleton-root\\"
-               />
-             </td>
-             <td
-               class=\\"MuiTableCell-root MuiTableCell-body MuiTableCell-sizeSmall css-dsuxgy-MuiTableCell-root\\"
+               <div
+                 class=\\"MuiBox-root css-1gvmo7\\"
                >
-               <span
-                 class=\\"MuiSkeleton-root MuiSkeleton-text MuiSkeleton-pulse css-1n7gpw1-MuiSkeleton-root\\"
-               />
-             </td>
-           </tr>
-           <tr
-             class=\\"MuiTableRow-root css-1q1u3t4-MuiTableRow-root\\"
+                 <p
+                   class=\\"MuiTypography-root MuiTypography-body2 css-18mpm0x-MuiTypography-root\\"
+                   title=\\"0xc6695c80913a37219929ec26f746283842d02cd0\\"
                  >
-             <td
-               class=\\"MuiTableCell-root MuiTableCell-body MuiTableCell-sizeSmall css-dsuxgy-MuiTableCell-root\\"
+                   0xc6695c80913a37219929ec26f746283842d02cd0
+                 </p>
+                 <svg
+                   aria-hidden=\\"true\\"
+                   aria-label=\\"copy to clipboard\\"
+                   class=\\"MuiSvgIcon-root MuiSvgIcon-fontSizeMedium css-eibj8z-MuiSvgIcon-root\\"
+                   data-mui-internal-clone-element=\\"true\\"
+                   data-testid=\\"ContentCopyIcon\\"
+                   focusable=\\"false\\"
+                   viewBox=\\"0 0 24 24\\"
                  >
-               <span
-                 class=\\"MuiSkeleton-root MuiSkeleton-text MuiSkeleton-pulse css-1n7gpw1-MuiSkeleton-root\\"
+                   <path
+                     d=\\"M16 1H4c-1.1 0-2 .9-2 2v14h2V3h12V1zm3 4H8c-1.1 0-2 .9-2 2v14c0 1.1.9 2 2 2h11c1.1 0 2-.9 2-2V7c0-1.1-.9-2-2-2zm0 16H8V7h11v14z\\"
                    />
+                 </svg>
+               </div>
              </td>
              <td
                class=\\"MuiTableCell-root MuiTableCell-body MuiTableCell-sizeSmall css-dsuxgy-MuiTableCell-root\\"
              >
-               <span
-                 class=\\"MuiSkeleton-root MuiSkeleton-text MuiSkeleton-pulse css-1n7gpw1-MuiSkeleton-root\\"
-               />
-             </td>
-             <td
-               class=\\"MuiTableCell-root MuiTableCell-body MuiTableCell-sizeSmall css-dsuxgy-MuiTableCell-root\\"
+               <div
+                 class=\\"MuiBox-root css-1gvmo7\\"
+               >
+                 <a
+                   class=\\"MuiTypography-root MuiTypography-inherit MuiLink-root MuiLink-underlineAlways css-1nrvlnd-MuiTypography-root-MuiLink-root\\"
+                   href=\\"/wallet/0xf09e39bad455d05602dfa99ad77a7c1699e39a7d\\"
+                   title=\\"0xf09e39bad455d05602dfa99ad77a7c1699e39a7d\\"
+                 >
+                   <p
+                     class=\\"MuiTypography-root MuiTypography-body2 css-18mpm0x-MuiTypography-root\\"
+                     title=\\"0xf09e39bad455d05602dfa99ad77a7c1699e39a7d\\"
                    >
-               <span
-                 class=\\"MuiSkeleton-root MuiSkeleton-text MuiSkeleton-pulse css-1n7gpw1-MuiSkeleton-root\\"
-               />
-             </td>
-             <td
-               class=\\"MuiTableCell-root MuiTableCell-body MuiTableCell-sizeSmall css-dsuxgy-MuiTableCell-root\\"
+                     0xf09e39bad455d05602dfa99ad77a7c1699e39a7d
+                   </p>
+                 </a>
+                 <svg
+                   aria-hidden=\\"true\\"
+                   aria-label=\\"copy to clipboard\\"
+                   class=\\"MuiSvgIcon-root MuiSvgIcon-fontSizeMedium css-eibj8z-MuiSvgIcon-root\\"
+                   data-mui-internal-clone-element=\\"true\\"
+                   data-testid=\\"ContentCopyIcon\\"
+                   focusable=\\"false\\"
+                   viewBox=\\"0 0 24 24\\"
                  >
-               <span
-                 class=\\"MuiSkeleton-root MuiSkeleton-text MuiSkeleton-pulse css-1n7gpw1-MuiSkeleton-root\\"
+                   <path
+                     d=\\"M16 1H4c-1.1 0-2 .9-2 2v14h2V3h12V1zm3 4H8c-1.1 0-2 .9-2 2v14c0 1.1.9 2 2 2h11c1.1 0 2-.9 2-2V7c0-1.1-.9-2-2-2zm0 16H8V7h11v14z\\"
                    />
+                 </svg>
+               </div>
              </td>
              <td
                class=\\"MuiTableCell-root MuiTableCell-body MuiTableCell-sizeSmall css-dsuxgy-MuiTableCell-root\\"
              >
-               <span
-                 class=\\"MuiSkeleton-root MuiSkeleton-text MuiSkeleton-pulse css-1n7gpw1-MuiSkeleton-root\\"
-               />
+               10,000,000.0
              </td>
            </tr>
            <tr
              class=\\"MuiTableRow-root css-1q1u3t4-MuiTableRow-root\\"
            >
              <td
                class=\\"MuiTableCell-root MuiTableCell-body MuiTableCell-sizeSmall css-dsuxgy-MuiTableCell-root\\"
              >
-               <span
-                 class=\\"MuiSkeleton-root MuiSkeleton-text MuiSkeleton-pulse css-1n7gpw1-MuiSkeleton-root\\"
-               />
+               10/27/2021, 6:47:25 PM
              </td>
              <td
                class=\\"MuiTableCell-root MuiTableCell-body MuiTableCell-sizeSmall css-dsuxgy-MuiTableCell-root\\"
              >
-               <span
-                 class=\\"MuiSkeleton-root MuiSkeleton-text MuiSkeleton-pulse css-1n7gpw1-MuiSkeleton-root\\"
-               />
-             </td>
-             <td
-               class=\\"MuiTableCell-root MuiTableCell-body MuiTableCell-sizeSmall css-dsuxgy-MuiTableCell-root\\"
+               <div
+                 class=\\"MuiBox-root css-1gvmo7\\"
                >
-               <span
-                 class=\\"MuiSkeleton-root MuiSkeleton-text MuiSkeleton-pulse css-1n7gpw1-MuiSkeleton-root\\"
-               />
-             </td>
-             <td
-               class=\\"MuiTableCell-root MuiTableCell-body MuiTableCell-sizeSmall css-dsuxgy-MuiTableCell-root\\"
+                 <p
+                   class=\\"MuiTypography-root MuiTypography-body2 css-18mpm0x-MuiTypography-root\\"
+                   title=\\"0x13f0640425a851816d2bf83230e3ebcad5969445dac169b4cb714948a34d5f63\\"
                  >
-               <span
-                 class=\\"MuiSkeleton-root MuiSkeleton-text MuiSkeleton-pulse css-1n7gpw1-MuiSkeleton-root\\"
-               />
-             </td>
-             <td
-               class=\\"MuiTableCell-root MuiTableCell-body MuiTableCell-sizeSmall css-dsuxgy-MuiTableCell-root\\"
+                   0x13f0640425a851816d2bf83230e3ebcad5969445dac169b4cb714948a34d5f63
+                 </p>
+                 <svg
+                   aria-hidden=\\"true\\"
+                   aria-label=\\"copy to clipboard\\"
+                   class=\\"MuiSvgIcon-root MuiSvgIcon-fontSizeMedium css-eibj8z-MuiSvgIcon-root\\"
+                   data-mui-internal-clone-element=\\"true\\"
+                   data-testid=\\"ContentCopyIcon\\"
+                   focusable=\\"false\\"
+                   viewBox=\\"0 0 24 24\\"
                  >
-               <span
-                 class=\\"MuiSkeleton-root MuiSkeleton-text MuiSkeleton-pulse css-1n7gpw1-MuiSkeleton-root\\"
+                   <path
+                     d=\\"M16 1H4c-1.1 0-2 .9-2 2v14h2V3h12V1zm3 4H8c-1.1 0-2 .9-2 2v14c0 1.1.9 2 2 2h11c1.1 0 2-.9 2-2V7c0-1.1-.9-2-2-2zm0 16H8V7h11v14z\\"
                    />
-             </td>
-           </tr>
-           <tr
-             class=\\"MuiTableRow-root css-1q1u3t4-MuiTableRow-root\\"
+                 </svg>
+                 <div
+                   class=\\"MuiBox-root css-7gd3gi\\"
+                 />
+                 <a
+                   class=\\"MuiTypography-root MuiTypography-inherit MuiLink-root MuiLink-underlineAlways css-1dkk3ib-MuiTypography-root-MuiLink-root\\"
+                   href=\\"https://polygonscan.com/tx/0x13f0640425a851816d2bf83230e3ebcad5969445dac169b4cb714948a34d5f63\\"
+                   rel=\\"noopener noreferrer\\"
+                   target=\\"_blank\\"
+                   title=\\"https://polygonscan.com/tx/0x13f0640425a851816d2bf83230e3ebcad5969445dac169b4cb714948a34d5f63\\"
                  >
-             <td
-               class=\\"MuiTableCell-root MuiTableCell-body MuiTableCell-sizeSmall css-dsuxgy-MuiTableCell-root\\"
+                   <svg
+                     aria-hidden=\\"true\\"
+                     class=\\"MuiSvgIcon-root MuiSvgIcon-fontSizeMedium css-eibj8z-MuiSvgIcon-root\\"
+                     data-testid=\\"OpenInNewIcon\\"
+                     focusable=\\"false\\"
+                     viewBox=\\"0 0 24 24\\"
                    >
-               <span
-                 class=\\"MuiSkeleton-root MuiSkeleton-text MuiSkeleton-pulse css-1n7gpw1-MuiSkeleton-root\\"
+                     <path
+                       d=\\"M19 19H5V5h7V3H5c-1.11 0-2 .9-2 2v14c0 1.1.89 2 2 2h14c1.1 0 2-.9 2-2v-7h-2v7zM14 3v2h3.59l-9.83 9.83 1.41 1.41L19 6.41V10h2V3h-7z\\"
                      />
+                   </svg>
+                 </a>
+               </div>
              </td>
              <td
                class=\\"MuiTableCell-root MuiTableCell-body MuiTableCell-sizeSmall css-dsuxgy-MuiTableCell-root\\"
              >
-               <span
-                 class=\\"MuiSkeleton-root MuiSkeleton-text MuiSkeleton-pulse css-1n7gpw1-MuiSkeleton-root\\"
-               />
-             </td>
-             <td
-               class=\\"MuiTableCell-root MuiTableCell-body MuiTableCell-sizeSmall css-dsuxgy-MuiTableCell-root\\"
+               <div
+                 class=\\"MuiBox-root css-1gvmo7\\"
+               >
+                 <a
+                   class=\\"MuiTypography-root MuiTypography-inherit MuiLink-root MuiLink-underlineAlways css-1nrvlnd-MuiTypography-root-MuiLink-root\\"
+                   href=\\"/wallet/0x2ddc842ce54866d6ff58f5f82c6fb838e6a74cd3\\"
+                   title=\\"0x2ddc842ce54866d6ff58f5f82c6fb838e6a74cd3\\"
                  >
-               <span
-                 class=\\"MuiSkeleton-root MuiSkeleton-text MuiSkeleton-pulse css-1n7gpw1-MuiSkeleton-root\\"
+                   <p
+                     class=\\"MuiTypography-root MuiTypography-body2 css-18mpm0x-MuiTypography-root\\"
+                     title=\\"0x2ddc842ce54866d6ff58f5f82c6fb838e6a74cd3\\"
+                   >
+                     0x2ddc842ce54866d6ff58f5f82c6fb838e6a74cd3
+                   </p>
+                 </a>
+                 <svg
+                   aria-hidden=\\"true\\"
+                   aria-label=\\"copy to clipboard\\"
+                   class=\\"MuiSvgIcon-root MuiSvgIcon-fontSizeMedium css-eibj8z-MuiSvgIcon-root\\"
+                   data-mui-internal-clone-element=\\"true\\"
+                   data-testid=\\"ContentCopyIcon\\"
+                   focusable=\\"false\\"
+                   viewBox=\\"0 0 24 24\\"
+                 >
+                   <path
+                     d=\\"M16 1H4c-1.1 0-2 .9-2 2v14h2V3h12V1zm3 4H8c-1.1 0-2 .9-2 2v14c0 1.1.9 2 2 2h11c1.1 0 2-.9 2-2V7c0-1.1-.9-2-2-2zm0 16H8V7h11v14z\\"
                    />
+                 </svg>
+               </div>
              </td>
              <td
                class=\\"MuiTableCell-root MuiTableCell-body MuiTableCell-sizeSmall css-dsuxgy-MuiTableCell-root\\"
              >
-               <span
-                 class=\\"MuiSkeleton-root MuiSkeleton-text MuiSkeleton-pulse css-1n7gpw1-MuiSkeleton-root\\"
+               <div
+                 class=\\"MuiBox-root css-1gvmo7\\"
+               >
+                 <p
+                   class=\\"MuiTypography-root MuiTypography-body2 css-18mpm0x-MuiTypography-root\\"
+                   title=\\"0xc6695c80913a37219929ec26f746283842d02cd0\\"
+                 >
+                   0xc6695c80913a37219929ec26f746283842d02cd0
+                 </p>
+                 <svg
+                   aria-hidden=\\"true\\"
+                   aria-label=\\"copy to clipboard\\"
+                   class=\\"MuiSvgIcon-root MuiSvgIcon-fontSizeMedium css-eibj8z-MuiSvgIcon-root\\"
+                   data-mui-internal-clone-element=\\"true\\"
+                   data-testid=\\"ContentCopyIcon\\"
+                   focusable=\\"false\\"
+                   viewBox=\\"0 0 24 24\\"
+                 >
+                   <path
+                     d=\\"M16 1H4c-1.1 0-2 .9-2 2v14h2V3h12V1zm3 4H8c-1.1 0-2 .9-2 2v14c0 1.1.9 2 2 2h11c1.1 0 2-.9 2-2V7c0-1.1-.9-2-2-2zm0 16H8V7h11v14z\\"
                    />
+                 </svg>
+               </div>
              </td>
              <td
                class=\\"MuiTableCell-root MuiTableCell-body MuiTableCell-sizeSmall css-dsuxgy-MuiTableCell-root\\"
              >
-               <span
-                 class=\\"MuiSkeleton-root MuiSkeleton-text MuiSkeleton-pulse css-1n7gpw1-MuiSkeleton-root\\"
-               />
+               19,000.0
              </td>
            </tr>
            <tr
              class=\\"MuiTableRow-root css-1q1u3t4-MuiTableRow-root\\"
            >
              <td
                class=\\"MuiTableCell-root MuiTableCell-body MuiTableCell-sizeSmall css-dsuxgy-MuiTableCell-root\\"
              >
-               <span
-                 class=\\"MuiSkeleton-root MuiSkeleton-text MuiSkeleton-pulse css-1n7gpw1-MuiSkeleton-root\\"
-               />
+               10/27/2021, 8:47:36 AM
              </td>
              <td
                class=\\"MuiTableCell-root MuiTableCell-body MuiTableCell-sizeSmall css-dsuxgy-MuiTableCell-root\\"
+             >
+               <div
+                 class=\\"MuiBox-root css-1gvmo7\\"
                >
-               <span
-                 class=\\"MuiSkeleton-root MuiSkeleton-text MuiSkeleton-pulse css-1n7gpw1-MuiSkeleton-root\\"
+                 <p
+                   class=\\"MuiTypography-root MuiTypography-body2 css-18mpm0x-MuiTypography-root\\"
+                   title=\\"0x44e0d1633dde47ed571d99fdf3d35f01b2c5b06476e2a42203ce90c3fe959eee\\"
+                 >
+                   0x44e0d1633dde47ed571d99fdf3d35f01b2c5b06476e2a42203ce90c3fe959eee
+                 </p>
+                 <svg
+                   aria-hidden=\\"true\\"
+                   aria-label=\\"copy to clipboard\\"
+                   class=\\"MuiSvgIcon-root MuiSvgIcon-fontSizeMedium css-eibj8z-MuiSvgIcon-root\\"
+                   data-mui-internal-clone-element=\\"true\\"
+                   data-testid=\\"ContentCopyIcon\\"
+                   focusable=\\"false\\"
+                   viewBox=\\"0 0 24 24\\"
+                 >
+                   <path
+                     d=\\"M16 1H4c-1.1 0-2 .9-2 2v14h2V3h12V1zm3 4H8c-1.1 0-2 .9-2 2v14c0 1.1.9 2 2 2h11c1.1 0 2-.9 2-2V7c0-1.1-.9-2-2-2zm0 16H8V7h11v14z\\"
                    />
-             </td>
-             <td
-               class=\\"MuiTableCell-root MuiTableCell-body MuiTableCell-sizeSmall css-dsuxgy-MuiTableCell-root\\"
+                 </svg>
+                 <div
+                   class=\\"MuiBox-root css-7gd3gi\\"
+                 />
+                 <a
+                   class=\\"MuiTypography-root MuiTypography-inherit MuiLink-root MuiLink-underlineAlways css-1dkk3ib-MuiTypography-root-MuiLink-root\\"
+                   href=\\"https://polygonscan.com/tx/0x44e0d1633dde47ed571d99fdf3d35f01b2c5b06476e2a42203ce90c3fe959eee\\"
+                   rel=\\"noopener noreferrer\\"
+                   target=\\"_blank\\"
+                   title=\\"https://polygonscan.com/tx/0x44e0d1633dde47ed571d99fdf3d35f01b2c5b06476e2a42203ce90c3fe959eee\\"
                  >
-               <span
-                 class=\\"MuiSkeleton-root MuiSkeleton-text MuiSkeleton-pulse css-1n7gpw1-MuiSkeleton-root\\"
+                   <svg
+                     aria-hidden=\\"true\\"
+                     class=\\"MuiSvgIcon-root MuiSvgIcon-fontSizeMedium css-eibj8z-MuiSvgIcon-root\\"
+                     data-testid=\\"OpenInNewIcon\\"
+                     focusable=\\"false\\"
+                     viewBox=\\"0 0 24 24\\"
+                   >
+                     <path
+                       d=\\"M19 19H5V5h7V3H5c-1.11 0-2 .9-2 2v14c0 1.1.89 2 2 2h14c1.1 0 2-.9 2-2v-7h-2v7zM14 3v2h3.59l-9.83 9.83 1.41 1.41L19 6.41V10h2V3h-7z\\"
                      />
+                   </svg>
+                 </a>
+               </div>
              </td>
              <td
                class=\\"MuiTableCell-root MuiTableCell-body MuiTableCell-sizeSmall css-dsuxgy-MuiTableCell-root\\"
              >
-               <span
-                 class=\\"MuiSkeleton-root MuiSkeleton-text MuiSkeleton-pulse css-1n7gpw1-MuiSkeleton-root\\"
-               />
-             </td>
-             <td
-               class=\\"MuiTableCell-root MuiTableCell-body MuiTableCell-sizeSmall css-dsuxgy-MuiTableCell-root\\"
+               <div
+                 class=\\"MuiBox-root css-1gvmo7\\"
                >
-               <span
-                 class=\\"MuiSkeleton-root MuiSkeleton-text MuiSkeleton-pulse css-1n7gpw1-MuiSkeleton-root\\"
-               />
-             </td>
-           </tr>
-           <tr
-             class=\\"MuiTableRow-root css-1q1u3t4-MuiTableRow-root\\"
+                 <a
+                   class=\\"MuiTypography-root MuiTypography-inherit MuiLink-root MuiLink-underlineAlways css-1nrvlnd-MuiTypography-root-MuiLink-root\\"
+                   href=\\"/wallet/0xd5a7661d150b41de85a18f756e0fda78c4bb7d0a\\"
+                   title=\\"0xd5a7661d150b41de85a18f756e0fda78c4bb7d0a\\"
                  >
-             <td
-               class=\\"MuiTableCell-root MuiTableCell-body MuiTableCell-sizeSmall css-dsuxgy-MuiTableCell-root\\"
+                   <p
+                     class=\\"MuiTypography-root MuiTypography-body2 css-18mpm0x-MuiTypography-root\\"
+                     title=\\"0xd5a7661d150b41de85a18f756e0fda78c4bb7d0a\\"
                    >
-               <span
-                 class=\\"MuiSkeleton-root MuiSkeleton-text MuiSkeleton-pulse css-1n7gpw1-MuiSkeleton-root\\"
-               />
-             </td>
-             <td
-               class=\\"MuiTableCell-root MuiTableCell-body MuiTableCell-sizeSmall css-dsuxgy-MuiTableCell-root\\"
+                     Deployer
+                   </p>
+                 </a>
+                 <svg
+                   aria-hidden=\\"true\\"
+                   aria-label=\\"copy to clipboard\\"
+                   class=\\"MuiSvgIcon-root MuiSvgIcon-fontSizeMedium css-eibj8z-MuiSvgIcon-root\\"
+                   data-mui-internal-clone-element=\\"true\\"
+                   data-testid=\\"ContentCopyIcon\\"
+                   focusable=\\"false\\"
+                   viewBox=\\"0 0 24 24\\"
                  >
-               <span
-                 class=\\"MuiSkeleton-root MuiSkeleton-text MuiSkeleton-pulse css-1n7gpw1-MuiSkeleton-root\\"
+                   <path
+                     d=\\"M16 1H4c-1.1 0-2 .9-2 2v14h2V3h12V1zm3 4H8c-1.1 0-2 .9-2 2v14c0 1.1.9 2 2 2h11c1.1 0 2-.9 2-2V7c0-1.1-.9-2-2-2zm0 16H8V7h11v14z\\"
                    />
+                 </svg>
+               </div>
              </td>
              <td
                class=\\"MuiTableCell-root MuiTableCell-body MuiTableCell-sizeSmall css-dsuxgy-MuiTableCell-root\\"
              >
-               <span
-                 class=\\"MuiSkeleton-root MuiSkeleton-text MuiSkeleton-pulse css-1n7gpw1-MuiSkeleton-root\\"
-               />
-             </td>
-             <td
-               class=\\"MuiTableCell-root MuiTableCell-body MuiTableCell-sizeSmall css-dsuxgy-MuiTableCell-root\\"
+               <div
+                 class=\\"MuiBox-root css-1gvmo7\\"
                >
-               <span
-                 class=\\"MuiSkeleton-root MuiSkeleton-text MuiSkeleton-pulse css-1n7gpw1-MuiSkeleton-root\\"
+                 <p
+                   class=\\"MuiTypography-root MuiTypography-body2 css-18mpm0x-MuiTypography-root\\"
+                   title=\\"0xc6695c80913a37219929ec26f746283842d02cd0\\"
+                 >
+                   0xc6695c80913a37219929ec26f746283842d02cd0
+                 </p>
+                 <svg
+                   aria-hidden=\\"true\\"
+                   aria-label=\\"copy to clipboard\\"
+                   class=\\"MuiSvgIcon-root MuiSvgIcon-fontSizeMedium css-eibj8z-MuiSvgIcon-root\\"
+                   data-mui-internal-clone-element=\\"true\\"
+                   data-testid=\\"ContentCopyIcon\\"
+                   focusable=\\"false\\"
+                   viewBox=\\"0 0 24 24\\"
+                 >
+                   <path
+                     d=\\"M16 1H4c-1.1 0-2 .9-2 2v14h2V3h12V1zm3 4H8c-1.1 0-2 .9-2 2v14c0 1.1.9 2 2 2h11c1.1 0 2-.9 2-2V7c0-1.1-.9-2-2-2zm0 16H8V7h11v14z\\"
                    />
+                 </svg>
+               </div>
              </td>
              <td
                class=\\"MuiTableCell-root MuiTableCell-body MuiTableCell-sizeSmall css-dsuxgy-MuiTableCell-root\\"
              >
-               <span
-                 class=\\"MuiSkeleton-root MuiSkeleton-text MuiSkeleton-pulse css-1n7gpw1-MuiSkeleton-root\\"
-               />
+               200,000,000.0
              </td>
            </tr>
          </tbody>
        </table>
      </div>
-     <span
-       class=\\"MuiLinearProgress-root MuiLinearProgress-colorPrimary MuiLinearProgress-indeterminate css-eglki6-MuiLinearProgress-root\\"
-       role=\\"progressbar\\"
-     >
-       <span
-         class=\\"MuiLinearProgress-bar MuiLinearProgress-barColorPrimary MuiLinearProgress-bar1Indeterminate css-5ir5xx-MuiLinearProgress-bar1\\"
-       />
-       <span
-         class=\\"MuiLinearProgress-bar MuiLinearProgress-barColorPrimary MuiLinearProgress-bar2Indeterminate css-1r8wrcl-MuiLinearProgress-bar2\\"
-       />
-     </span>
      <div
        class=\\"MuiTablePagination-root css-jtlhu6-MuiTablePagination-root\\"
      >
        <div
          class=\\"MuiToolbar-root MuiToolbar-gutters MuiToolbar-regular MuiTablePagination-toolbar css-78c6dr-MuiToolbar-root-MuiTablePagination-toolbar\\"
@@ -507,11 +844,11 @@
            </svg>
          </div>
          <p
            class=\\"MuiTablePagination-displayedRows css-levciy-MuiTablePagination-displayedRows\\"
          >
-           0–0 of 0
+           1–6 of 6
          </p>
          <div
            class=\\"MuiTablePagination-actions\\"
          >
            <button"
`;

exports[`render WalletTransactions with data: loading 1`] = `
<DocumentFragment>
  <div
    class="MuiBox-root css-1ybzo85"
  >
    <h5
      class="MuiTypography-root MuiTypography-h5 css-ag7rrr-MuiTypography-root"
    >
      Wallet Transactions
    </h5>
    <div
      class="MuiTableContainer-root css-rorn0c-MuiTableContainer-root"
    >
      <table
        class="MuiTable-root css-rqglhn-MuiTable-root"
      >
        <thead
          class="MuiTableHead-root css-15wwp11-MuiTableHead-root"
        >
          <tr
            class="MuiTableRow-root MuiTableRow-head css-1q1u3t4-MuiTableRow-root"
          >
            <th
              class="MuiTableCell-root MuiTableCell-head MuiTableCell-sizeSmall css-1howxi1-MuiTableCell-root"
              scope="col"
            >
              Date
            </th>
            <th
              class="MuiTableCell-root MuiTableCell-head MuiTableCell-sizeSmall css-1howxi1-MuiTableCell-root"
              scope="col"
            >
              Txn
            </th>
            <th
              class="MuiTableCell-root MuiTableCell-head MuiTableCell-sizeSmall css-1howxi1-MuiTableCell-root"
              scope="col"
            >
              From
            </th>
            <th
              class="MuiTableCell-root MuiTableCell-head MuiTableCell-sizeSmall css-1howxi1-MuiTableCell-root"
              scope="col"
            >
              To
            </th>
            <th
              class="MuiTableCell-root MuiTableCell-head MuiTableCell-sizeSmall css-1howxi1-MuiTableCell-root"
              scope="col"
            >
              Value
            </th>
          </tr>
        </thead>
        <tbody
          class="MuiTableBody-root css-apqrd9-MuiTableBody-root"
        >
          <tr
            class="MuiTableRow-root css-1q1u3t4-MuiTableRow-root"
          >
            <td
              class="MuiTableCell-root MuiTableCell-body MuiTableCell-sizeSmall css-dsuxgy-MuiTableCell-root"
            >
              <span
                class="MuiSkeleton-root MuiSkeleton-text MuiSkeleton-pulse css-1n7gpw1-MuiSkeleton-root"
              />
            </td>
            <td
              class="MuiTableCell-root MuiTableCell-body MuiTableCell-sizeSmall css-dsuxgy-MuiTableCell-root"
            >
              <span
                class="MuiSkeleton-root MuiSkeleton-text MuiSkeleton-pulse css-1n7gpw1-MuiSkeleton-root"
              />
            </td>
            <td
              class="MuiTableCell-root MuiTableCell-body MuiTableCell-sizeSmall css-dsuxgy-MuiTableCell-root"
            >
              <span
                class="MuiSkeleton-root MuiSkeleton-text MuiSkeleton-pulse css-1n7gpw1-MuiSkeleton-root"
              />
            </td>
            <td
              class="MuiTableCell-root MuiTableCell-body MuiTableCell-sizeSmall css-dsuxgy-MuiTableCell-root"
            >
              <span
                class="MuiSkeleton-root MuiSkeleton-text MuiSkeleton-pulse css-1n7gpw1-MuiSkeleton-root"
              />
            </td>
            <td
              class="MuiTableCell-root MuiTableCell-body MuiTableCell-sizeSmall css-dsuxgy-MuiTableCell-root"
            >
              <span
                class="MuiSkeleton-root MuiSkeleton-text MuiSkeleton-pulse css-1n7gpw1-MuiSkeleton-root"
              />
            </td>
          </tr>
          <tr
            class="MuiTableRow-root css-1q1u3t4-MuiTableRow-root"
          >
            <td
              class="MuiTableCell-root MuiTableCell-body MuiTableCell-sizeSmall css-dsuxgy-MuiTableCell-root"
            >
              <span
                class="MuiSkeleton-root MuiSkeleton-text MuiSkeleton-pulse css-1n7gpw1-MuiSkeleton-root"
              />
            </td>
            <td
              class="MuiTableCell-root MuiTableCell-body MuiTableCell-sizeSmall css-dsuxgy-MuiTableCell-root"
            >
              <span
                class="MuiSkeleton-root MuiSkeleton-text MuiSkeleton-pulse css-1n7gpw1-MuiSkeleton-root"
              />
            </td>
            <td
              class="MuiTableCell-root MuiTableCell-body MuiTableCell-sizeSmall css-dsuxgy-MuiTableCell-root"
            >
              <span
                class="MuiSkeleton-root MuiSkeleton-text MuiSkeleton-pulse css-1n7gpw1-MuiSkeleton-root"
              />
            </td>
            <td
              class="MuiTableCell-root MuiTableCell-body MuiTableCell-sizeSmall css-dsuxgy-MuiTableCell-root"
            >
              <span
                class="MuiSkeleton-root MuiSkeleton-text MuiSkeleton-pulse css-1n7gpw1-MuiSkeleton-root"
              />
            </td>
            <td
              class="MuiTableCell-root MuiTableCell-body MuiTableCell-sizeSmall css-dsuxgy-MuiTableCell-root"
            >
              <span
                class="MuiSkeleton-root MuiSkeleton-text MuiSkeleton-pulse css-1n7gpw1-MuiSkeleton-root"
              />
            </td>
          </tr>
          <tr
            class="MuiTableRow-root css-1q1u3t4-MuiTableRow-root"
          >
            <td
              class="MuiTableCell-root MuiTableCell-body MuiTableCell-sizeSmall css-dsuxgy-MuiTableCell-root"
            >
              <span
                class="MuiSkeleton-root MuiSkeleton-text MuiSkeleton-pulse css-1n7gpw1-MuiSkeleton-root"
              />
            </td>
            <td
              class="MuiTableCell-root MuiTableCell-body MuiTableCell-sizeSmall css-dsuxgy-MuiTableCell-root"
            >
              <span
                class="MuiSkeleton-root MuiSkeleton-text MuiSkeleton-pulse css-1n7gpw1-MuiSkeleton-root"
              />
            </td>
            <td
              class="MuiTableCell-root MuiTableCell-body MuiTableCell-sizeSmall css-dsuxgy-MuiTableCell-root"
            >
              <span
                class="MuiSkeleton-root MuiSkeleton-text MuiSkeleton-pulse css-1n7gpw1-MuiSkeleton-root"
              />
            </td>
            <td
              class="MuiTableCell-root MuiTableCell-body MuiTableCell-sizeSmall css-dsuxgy-MuiTableCell-root"
            >
              <span
                class="MuiSkeleton-root MuiSkeleton-text MuiSkeleton-pulse css-1n7gpw1-MuiSkeleton-root"
              />
            </td>
            <td
              class="MuiTableCell-root MuiTableCell-body MuiTableCell-sizeSmall css-dsuxgy-MuiTableCell-root"
            >
              <span
                class="MuiSkeleton-root MuiSkeleton-text MuiSkeleton-pulse css-1n7gpw1-MuiSkeleton-root"
              />
            </td>
          </tr>
          <tr
            class="MuiTableRow-root css-1q1u3t4-MuiTableRow-root"
          >
            <td
              class="MuiTableCell-root MuiTableCell-body MuiTableCell-sizeSmall css-dsuxgy-MuiTableCell-root"
            >
              <span
                class="MuiSkeleton-root MuiSkeleton-text MuiSkeleton-pulse css-1n7gpw1-MuiSkeleton-root"
              />
            </td>
            <td
              class="MuiTableCell-root MuiTableCell-body MuiTableCell-sizeSmall css-dsuxgy-MuiTableCell-root"
            >
              <span
                class="MuiSkeleton-root MuiSkeleton-text MuiSkeleton-pulse css-1n7gpw1-MuiSkeleton-root"
              />
            </td>
            <td
              class="MuiTableCell-root MuiTableCell-body MuiTableCell-sizeSmall css-dsuxgy-MuiTableCell-root"
            >
              <span
                class="MuiSkeleton-root MuiSkeleton-text MuiSkeleton-pulse css-1n7gpw1-MuiSkeleton-root"
              />
            </td>
            <td
              class="MuiTableCell-root MuiTableCell-body MuiTableCell-sizeSmall css-dsuxgy-MuiTableCell-root"
            >
              <span
                class="MuiSkeleton-root MuiSkeleton-text MuiSkeleton-pulse css-1n7gpw1-MuiSkeleton-root"
              />
            </td>
            <td
              class="MuiTableCell-root MuiTableCell-body MuiTableCell-sizeSmall css-dsuxgy-MuiTableCell-root"
            >
              <span
                class="MuiSkeleton-root MuiSkeleton-text MuiSkeleton-pulse css-1n7gpw1-MuiSkeleton-root"
              />
            </td>
          </tr>
          <tr
            class="MuiTableRow-root css-1q1u3t4-MuiTableRow-root"
          >
            <td
              class="MuiTableCell-root MuiTableCell-body MuiTableCell-sizeSmall css-dsuxgy-MuiTableCell-root"
            >
              <span
                class="MuiSkeleton-root MuiSkeleton-text MuiSkeleton-pulse css-1n7gpw1-MuiSkeleton-root"
              />
            </td>
            <td
              class="MuiTableCell-root MuiTableCell-body MuiTableCell-sizeSmall css-dsuxgy-MuiTableCell-root"
            >
              <span
                class="MuiSkeleton-root MuiSkeleton-text MuiSkeleton-pulse css-1n7gpw1-MuiSkeleton-root"
              />
            </td>
            <td
              class="MuiTableCell-root MuiTableCell-body MuiTableCell-sizeSmall css-dsuxgy-MuiTableCell-root"
            >
              <span
                class="MuiSkeleton-root MuiSkeleton-text MuiSkeleton-pulse css-1n7gpw1-MuiSkeleton-root"
              />
            </td>
            <td
              class="MuiTableCell-root MuiTableCell-body MuiTableCell-sizeSmall css-dsuxgy-MuiTableCell-root"
            >
              <span
                class="MuiSkeleton-root MuiSkeleton-text MuiSkeleton-pulse css-1n7gpw1-MuiSkeleton-root"
              />
            </td>
            <td
              class="MuiTableCell-root MuiTableCell-body MuiTableCell-sizeSmall css-dsuxgy-MuiTableCell-root"
            >
              <span
                class="MuiSkeleton-root MuiSkeleton-text MuiSkeleton-pulse css-1n7gpw1-MuiSkeleton-root"
              />
            </td>
          </tr>
          <tr
            class="MuiTableRow-root css-1q1u3t4-MuiTableRow-root"
          >
            <td
              class="MuiTableCell-root MuiTableCell-body MuiTableCell-sizeSmall css-dsuxgy-MuiTableCell-root"
            >
              <span
                class="MuiSkeleton-root MuiSkeleton-text MuiSkeleton-pulse css-1n7gpw1-MuiSkeleton-root"
              />
            </td>
            <td
              class="MuiTableCell-root MuiTableCell-body MuiTableCell-sizeSmall css-dsuxgy-MuiTableCell-root"
            >
              <span
                class="MuiSkeleton-root MuiSkeleton-text MuiSkeleton-pulse css-1n7gpw1-MuiSkeleton-root"
              />
            </td>
            <td
              class="MuiTableCell-root MuiTableCell-body MuiTableCell-sizeSmall css-dsuxgy-MuiTableCell-root"
            >
              <span
                class="MuiSkeleton-root MuiSkeleton-text MuiSkeleton-pulse css-1n7gpw1-MuiSkeleton-root"
              />
            </td>
            <td
              class="MuiTableCell-root MuiTableCell-body MuiTableCell-sizeSmall css-dsuxgy-MuiTableCell-root"
            >
              <span
                class="MuiSkeleton-root MuiSkeleton-text MuiSkeleton-pulse css-1n7gpw1-MuiSkeleton-root"
              />
            </td>
            <td
              class="MuiTableCell-root MuiTableCell-body MuiTableCell-sizeSmall css-dsuxgy-MuiTableCell-root"
            >
              <span
                class="MuiSkeleton-root MuiSkeleton-text MuiSkeleton-pulse css-1n7gpw1-MuiSkeleton-root"
              />
            </td>
          </tr>
          <tr
            class="MuiTableRow-root css-1q1u3t4-MuiTableRow-root"
          >
            <td
              class="MuiTableCell-root MuiTableCell-body MuiTableCell-sizeSmall css-dsuxgy-MuiTableCell-root"
            >
              <span
                class="MuiSkeleton-root MuiSkeleton-text MuiSkeleton-pulse css-1n7gpw1-MuiSkeleton-root"
              />
            </td>
            <td
              class="MuiTableCell-root MuiTableCell-body MuiTableCell-sizeSmall css-dsuxgy-MuiTableCell-root"
            >
              <span
                class="MuiSkeleton-root MuiSkeleton-text MuiSkeleton-pulse css-1n7gpw1-MuiSkeleton-root"
              />
            </td>
            <td
              class="MuiTableCell-root MuiTableCell-body MuiTableCell-sizeSmall css-dsuxgy-MuiTableCell-root"
            >
              <span
                class="MuiSkeleton-root MuiSkeleton-text MuiSkeleton-pulse css-1n7gpw1-MuiSkeleton-root"
              />
            </td>
            <td
              class="MuiTableCell-root MuiTableCell-body MuiTableCell-sizeSmall css-dsuxgy-MuiTableCell-root"
            >
              <span
                class="MuiSkeleton-root MuiSkeleton-text MuiSkeleton-pulse css-1n7gpw1-MuiSkeleton-root"
              />
            </td>
            <td
              class="MuiTableCell-root MuiTableCell-body MuiTableCell-sizeSmall css-dsuxgy-MuiTableCell-root"
            >
              <span
                class="MuiSkeleton-root MuiSkeleton-text MuiSkeleton-pulse css-1n7gpw1-MuiSkeleton-root"
              />
            </td>
          </tr>
          <tr
            class="MuiTableRow-root css-1q1u3t4-MuiTableRow-root"
          >
            <td
              class="MuiTableCell-root MuiTableCell-body MuiTableCell-sizeSmall css-dsuxgy-MuiTableCell-root"
            >
              <span
                class="MuiSkeleton-root MuiSkeleton-text MuiSkeleton-pulse css-1n7gpw1-MuiSkeleton-root"
              />
            </td>
            <td
              class="MuiTableCell-root MuiTableCell-body MuiTableCell-sizeSmall css-dsuxgy-MuiTableCell-root"
            >
              <span
                class="MuiSkeleton-root MuiSkeleton-text MuiSkeleton-pulse css-1n7gpw1-MuiSkeleton-root"
              />
            </td>
            <td
              class="MuiTableCell-root MuiTableCell-body MuiTableCell-sizeSmall css-dsuxgy-MuiTableCell-root"
            >
              <span
                class="MuiSkeleton-root MuiSkeleton-text MuiSkeleton-pulse css-1n7gpw1-MuiSkeleton-root"
              />
            </td>
            <td
              class="MuiTableCell-root MuiTableCell-body MuiTableCell-sizeSmall css-dsuxgy-MuiTableCell-root"
            >
              <span
                class="MuiSkeleton-root MuiSkeleton-text MuiSkeleton-pulse css-1n7gpw1-MuiSkeleton-root"
              />
            </td>
            <td
              class="MuiTableCell-root MuiTableCell-body MuiTableCell-sizeSmall css-dsuxgy-MuiTableCell-root"
            >
              <span
                class="MuiSkeleton-root MuiSkeleton-text MuiSkeleton-pulse css-1n7gpw1-MuiSkeleton-root"
              />
            </td>
          </tr>
          <tr
            class="MuiTableRow-root css-1q1u3t4-MuiTableRow-root"
          >
            <td
              class="MuiTableCell-root MuiTableCell-body MuiTableCell-sizeSmall css-dsuxgy-MuiTableCell-root"
            >
              <span
                class="MuiSkeleton-root MuiSkeleton-text MuiSkeleton-pulse css-1n7gpw1-MuiSkeleton-root"
              />
            </td>
            <td
              class="MuiTableCell-root MuiTableCell-body MuiTableCell-sizeSmall css-dsuxgy-MuiTableCell-root"
            >
              <span
                class="MuiSkeleton-root MuiSkeleton-text MuiSkeleton-pulse css-1n7gpw1-MuiSkeleton-root"
              />
            </td>
            <td
              class="MuiTableCell-root MuiTableCell-body MuiTableCell-sizeSmall css-dsuxgy-MuiTableCell-root"
            >
              <span
                class="MuiSkeleton-root MuiSkeleton-text MuiSkeleton-pulse css-1n7gpw1-MuiSkeleton-root"
              />
            </td>
            <td
              class="MuiTableCell-root MuiTableCell-body MuiTableCell-sizeSmall css-dsuxgy-MuiTableCell-root"
            >
              <span
                class="MuiSkeleton-root MuiSkeleton-text MuiSkeleton-pulse css-1n7gpw1-MuiSkeleton-root"
              />
            </td>
            <td
              class="MuiTableCell-root MuiTableCell-body MuiTableCell-sizeSmall css-dsuxgy-MuiTableCell-root"
            >
              <span
                class="MuiSkeleton-root MuiSkeleton-text MuiSkeleton-pulse css-1n7gpw1-MuiSkeleton-root"
              />
            </td>
          </tr>
          <tr
            class="MuiTableRow-root css-1q1u3t4-MuiTableRow-root"
          >
            <td
              class="MuiTableCell-root MuiTableCell-body MuiTableCell-sizeSmall css-dsuxgy-MuiTableCell-root"
            >
              <span
                class="MuiSkeleton-root MuiSkeleton-text MuiSkeleton-pulse css-1n7gpw1-MuiSkeleton-root"
              />
            </td>
            <td
              class="MuiTableCell-root MuiTableCell-body MuiTableCell-sizeSmall css-dsuxgy-MuiTableCell-root"
            >
              <span
                class="MuiSkeleton-root MuiSkeleton-text MuiSkeleton-pulse css-1n7gpw1-MuiSkeleton-root"
              />
            </td>
            <td
              class="MuiTableCell-root MuiTableCell-body MuiTableCell-sizeSmall css-dsuxgy-MuiTableCell-root"
            >
              <span
                class="MuiSkeleton-root MuiSkeleton-text MuiSkeleton-pulse css-1n7gpw1-MuiSkeleton-root"
              />
            </td>
            <td
              class="MuiTableCell-root MuiTableCell-body MuiTableCell-sizeSmall css-dsuxgy-MuiTableCell-root"
            >
              <span
                class="MuiSkeleton-root MuiSkeleton-text MuiSkeleton-pulse css-1n7gpw1-MuiSkeleton-root"
              />
            </td>
            <td
              class="MuiTableCell-root MuiTableCell-body MuiTableCell-sizeSmall css-dsuxgy-MuiTableCell-root"
            >
              <span
                class="MuiSkeleton-root MuiSkeleton-text MuiSkeleton-pulse css-1n7gpw1-MuiSkeleton-root"
              />
            </td>
          </tr>
        </tbody>
      </table>
    </div>
    <span
      class="MuiLinearProgress-root MuiLinearProgress-colorPrimary MuiLinearProgress-indeterminate css-eglki6-MuiLinearProgress-root"
      role="progressbar"
    >
      <span
        class="MuiLinearProgress-bar MuiLinearProgress-barColorPrimary MuiLinearProgress-bar1Indeterminate css-5ir5xx-MuiLinearProgress-bar1"
      />
      <span
        class="MuiLinearProgress-bar MuiLinearProgress-barColorPrimary MuiLinearProgress-bar2Indeterminate css-1r8wrcl-MuiLinearProgress-bar2"
      />
    </span>
    <div
      class="MuiTablePagination-root css-jtlhu6-MuiTablePagination-root"
    >
      <div
        class="MuiToolbar-root MuiToolbar-gutters MuiToolbar-regular MuiTablePagination-toolbar css-78c6dr-MuiToolbar-root-MuiTablePagination-toolbar"
      >
        <div
          class="MuiTablePagination-spacer css-1psng7p-MuiTablePagination-spacer"
        />
        <p
          class="MuiTablePagination-selectLabel css-pdct74-MuiTablePagination-selectLabel"
          id=":r1:"
        >
          Rows per page:
        </p>
        <div
          class="MuiInputBase-root MuiInputBase-colorPrimary css-16c50h-MuiInputBase-root-MuiTablePagination-select"
          variant="standard"
        >
          <div
            aria-expanded="false"
            aria-haspopup="listbox"
            aria-labelledby=":r1: :r0:"
            class="MuiTablePagination-select MuiSelect-select MuiSelect-standard MuiInputBase-input css-194a1fa-MuiSelect-select-MuiInputBase-input"
            id=":r0:"
            role="button"
            tabindex="0"
          >
            10
          </div>
          <input
            aria-hidden="true"
            class="MuiSelect-nativeInput css-yf8vq0-MuiSelect-nativeInput"
            tabindex="-1"
            value="10"
          />
          <svg
            aria-hidden="true"
            class="MuiSvgIcon-root MuiSvgIcon-fontSizeMedium MuiTablePagination-selectIcon MuiSelect-icon MuiSelect-iconStandard css-pqjvzy-MuiSvgIcon-root-MuiSelect-icon"
            data-testid="ArrowDropDownIcon"
            focusable="false"
            viewBox="0 0 24 24"
          >
            <path
              d="M7 10l5 5 5-5z"
            />
          </svg>
        </div>
        <p
          class="MuiTablePagination-displayedRows css-levciy-MuiTablePagination-displayedRows"
        >
          0–0 of 0
        </p>
        <div
          class="MuiTablePagination-actions"
        >
          <button
            aria-label="Go to previous page"
            class="MuiButtonBase-root Mui-disabled MuiIconButton-root Mui-disabled MuiIconButton-colorInherit MuiIconButton-sizeMedium css-zylse7-MuiButtonBase-root-MuiIconButton-root"
            disabled=""
            tabindex="-1"
            title="Go to previous page"
            type="button"
          >
            <svg
              aria-hidden="true"
              class="MuiSvgIcon-root MuiSvgIcon-fontSizeMedium css-i4bv87-MuiSvgIcon-root"
              data-testid="KeyboardArrowLeftIcon"
              focusable="false"
              viewBox="0 0 24 24"
            >
              <path
                d="M15.41 16.09l-4.58-4.59 4.58-4.59L14 5.5l-6 6 6 6z"
              />
            </svg>
          </button>
          <button
            aria-label="Go to next page"
            class="MuiButtonBase-root Mui-disabled MuiIconButton-root Mui-disabled MuiIconButton-colorInherit MuiIconButton-sizeMedium css-zylse7-MuiButtonBase-root-MuiIconButton-root"
            disabled=""
            tabindex="-1"
            title="Go to next page"
            type="button"
          >
            <svg
              aria-hidden="true"
              class="MuiSvgIcon-root MuiSvgIcon-fontSizeMedium css-i4bv87-MuiSvgIcon-root"
              data-testid="KeyboardArrowRightIcon"
              focusable="false"
              viewBox="0 0 24 24"
            >
              <path
                d="M8.59 16.34l4.58-4.59-4.58-4.59L10 5.75l6 6-6 6z"
              />
            </svg>
          </button>
        </div>
      </div>
    </div>
  </div>
</DocumentFragment>
`;
