// Jest Snapshot v1, https://goo.gl/fbAQLP

exports[`Navigation renders: navigation rendered 1`] = `
<div>
  <div
    class="css-e53awj-MuiStack-root"
  >
    <a
      class="MuiTypography-root MuiTypography-inherit MuiLink-root MuiLink-underlineAlways MuiButton-root MuiButton-text MuiButton-textPrimary MuiButton-sizeMedium MuiButton-textSizeMedium MuiButtonBase-root  css-mph559-MuiTypography-root-MuiLink-root-MuiButtonBase-root-MuiButton-root"
      href="/"
      tabindex="0"
    >
      Wallets
      <span
        class="MuiTouchRipple-root css-8je8zh-MuiTouchRipple-root"
      />
    </a>
    <hr
      class="MuiDivider-root MuiDivider-fullWidth MuiDivider-vertical MuiDivider-flexItem css-1tk1bks-MuiDivider-root"
    />
    <a
      class="MuiTypography-root MuiTypography-inherit MuiLink-root MuiLink-underlineAlways MuiButton-root MuiButton-text MuiButton-textPrimary MuiButton-sizeMedium MuiButton-textSizeMedium MuiButtonBase-root  css-mph559-MuiTypography-root-MuiLink-root-MuiButtonBase-root-MuiButton-root"
      href="/transactions"
      tabindex="0"
    >
      Transactions
      <span
        class="MuiTouchRipple-root css-8je8zh-MuiTouchRipple-root"
      />
    </a>
  </div>
</div>
`;
